[2026-08-06 08:58:52] [INFO] =================================================================
[2026-08-06 08:58:52] [INFO] DWP Temp Cleanup - Session: 2026-08-06_08-58-52
[2026-08-06 08:58:52] [INFO] Mode       : LIVE
[2026-08-06 08:58:52] [INFO] Cutoff     : files older than 0 day(s) (before 2026-08-06 08:58:52)
[2026-08-06 08:58:52] [INFO] Targets    : C:\Users\labuser\AppData\Local\Temp, C:\Windows\Temp
[2026-08-06 08:58:52] [INFO] =================================================================
[2026-08-06 08:58:52] [INFO] --- Scanning: C:\Users\labuser\AppData\Local\Temp ---
[2026-08-06 08:58:52] [INFO] Files matching criteria: 115
[2026-08-06 08:58:52] [WARN] Locked, skipped: C:\Users\labuser\AppData\Local\Temp\2\41633f49-db4a-4649-819d-b073e4db82ab.tmp
[2026-08-06 08:58:52] [WARN] Locked, skipped: C:\Users\labuser\AppData\Local\Temp\2\53f83266-e523-4538-9e1d-6b6bf0f8a9b0.tmp
[2026-08-06 08:58:52] [WARN] Locked, skipped: C:\Users\labuser\AppData\Local\Temp\2\f2ebec0d-a23c-4599-a097-fb87d36cee5f.tmp
[2026-08-06 08:58:52] [INFO] Moved: C:\Users\labuser\AppData\Local\Temp\_CleanupBackup\2026-08-06_08-49-23\0233c29686924e718cf73a09110c8b3a.log -> C:\Users\labuser\AppData\Local\Temp\_CleanupBackup\2026-08-06_08-58-52\97b70a100eef4df4862729c1b62cf216.log
[2026-08-06 08:58:52] [INFO] Moved: C:\Users\labuser\AppData\Local\Temp\_CleanupBackup\2026-08-06_08-49-23\02676340781441f1a926516b4b57f95b.ps1 -> C:\Users\labuser\AppData\Local\Temp\_CleanupBackup\2026-08-06_08-58-52\3bf80637007e42a38038fc4dc3f82351.ps1
[2026-08-06 08:58:52] [INFO] Moved: C:\Users\labuser\AppData\Local\Temp\_CleanupBackup\2026-08-06_08-49-23\080fc579204f41128abac5a91cf232fd.csv -> C:\Users\labuser\AppData\Local\Temp\_CleanupBackup\2026-08-06_08-58-52\7edf1831ed044a7e9c6e05ce955f0ee5.csv
[2026-08-06 08:58:52] [INFO] Moved: C:\Users\labuser\AppData\Local\Temp\_CleanupBackup\2026-08-06_08-49-23\08966a81c44b4a8f98c3325162ec705a.exe -> C:\Users\labuser\AppData\Local\Temp\_CleanupBackup\2026-08-06_08-58-52\059081a4ac284cc8addb4f36d87c0bd9.exe
[2026-08-06 08:58:52] [INFO] Moved: C:\Users\labuser\AppData\Local\Temp\_CleanupBackup\2026-08-06_08-49-23\09b55a5fcaf54b1cbd29369630d4f475.ignore -> C:\Users\labuser\AppData\Local\Temp\_CleanupBackup\2026-08-06_08-58-52\9a9bb37b401a433cb9408f46d12028e3.ignore
[2026-08-06 08:58:52] [INFO] Moved: C:\Users\labuser\AppData\Local\Temp\_CleanupBackup\2026-08-06_08-49-23\0a4d1c8f011c401b9ef99d585c2df84d.ps1 -> C:\Users\labuser\AppData\Local\Temp\_CleanupBackup\2026-08-06_08-58-52\1748043152c945ae9ff90f463b08fbca.ps1
[2026-08-06 08:58:52] [INFO] Moved: C:\Users\labuser\AppData\Local\Temp\_CleanupBackup\2026-08-06_08-49-23\0f054de30b784f3491212a27b86e2ef9.rels -> C:\Users\labuser\AppData\Local\Temp\_CleanupBackup\2026-08-06_08-58-52\7a6b6304903244de8c854116a1ce9575.rels
[2026-08-06 08:58:52] [INFO] Moved: C:\Users\labuser\AppData\Local\Temp\_CleanupBackup\2026-08-06_08-49-23\0fc1b39a9b3a4c78a2a9db9ca46204a9.psmdcp -> C:\Users\labuser\AppData\Local\Temp\_CleanupBackup\2026-08-06_08-58-52\a2b405245de64b118aac4e6d6d3bfd24.psmdcp
[2026-08-06 08:58:52] [INFO] Moved: C:\Users\labuser\AppData\Local\Temp\_CleanupBackup\2026-08-06_08-49-23\170c0577314f497ab5cedeeb37115c1d.ps1 -> C:\Users\labuser\AppData\Local\Temp\_CleanupBackup\2026-08-06_08-58-52\4ebebf4419ac44c5a62e90c8607a9f01.ps1
[2026-08-06 08:58:52] [INFO] Moved: C:\Users\labuser\AppData\Local\Temp\_CleanupBackup\2026-08-06_08-49-23\198bac3f09234b7a8d42669934257114.log -> C:\Users\labuser\AppData\Local\Temp\_CleanupBackup\2026-08-06_08-58-52\0241206c916e4147acfbd304cb7d992a.log
[2026-08-06 08:58:52] [INFO] Moved: C:\Users\labuser\AppData\Local\Temp\_CleanupBackup\2026-08-06_08-49-23\19bff60150194e82b2a1a071e1ee9446.ps1 -> C:\Users\labuser\AppData\Local\Temp\_CleanupBackup\2026-08-06_08-58-52\a1d235b77e1241da8f1184be7eedcde3.ps1
[2026-08-06 08:58:52] [INFO] Moved: C:\Users\labuser\AppData\Local\Temp\_CleanupBackup\2026-08-06_08-49-23\1e38719e002a49e5862727f49c2c46c5.txt -> C:\Users\labuser\AppData\Local\Temp\_CleanupBackup\2026-08-06_08-58-52\889cae390087476a8cc78e2763910778.txt
[2026-08-06 08:58:52] [INFO] Moved: C:\Users\labuser\AppData\Local\Temp\_CleanupBackup\2026-08-06_08-49-23\1f1cb9ae76dc4344a2ad81d42483e838.csv -> C:\Users\labuser\AppData\Local\Temp\_CleanupBackup\2026-08-06_08-58-52\7bd9cf5259eb43eda497478c0e0c486f.csv
[2026-08-06 08:58:52] [INFO] Moved: C:\Users\labuser\AppData\Local\Temp\_CleanupBackup\2026-08-06_08-49-23\2331e5ed1fa24b429a3f5ab42684263e.psm1 -> C:\Users\labuser\AppData\Local\Temp\_CleanupBackup\2026-08-06_08-58-52\878e7ffe83ae4cf090c0baa46f30d748.psm1
[2026-08-06 08:58:52] [INFO] Moved: C:\Users\labuser\AppData\Local\Temp\_CleanupBackup\2026-08-06_08-49-23\23615e9bfe6a423b991fbfc14bf41573.ps1 -> C:\Users\labuser\AppData\Local\Temp\_CleanupBackup\2026-08-06_08-58-52\70a4a032642c49b78230514f9bbf7bd9.ps1
[2026-08-06 08:58:52] [INFO] Moved: C:\Users\labuser\AppData\Local\Temp\_CleanupBackup\2026-08-06_08-49-23\263585f79ae741dea502b6957aa8cce9.csv -> C:\Users\labuser\AppData\Local\Temp\_CleanupBackup\2026-08-06_08-58-52\aa7a67acdd124b279b720939ad6d72d4.csv
[2026-08-06 08:58:52] [INFO] Moved: C:\Users\labuser\AppData\Local\Temp\_CleanupBackup\2026-08-06_08-49-23\26a0316549f44b289dc6943a5206f018.txt -> C:\Users\labuser\AppData\Local\Temp\_CleanupBackup\2026-08-06_08-58-52\bb52bd669e704a54bd61d400b8d3f47a.txt
[2026-08-06 08:58:52] [INFO] Moved: C:\Users\labuser\AppData\Local\Temp\_CleanupBackup\2026-08-06_08-49-23\26fcb692b974457b800e9c4fd52c682f.ps1 -> C:\Users\labuser\AppData\Local\Temp\_CleanupBackup\2026-08-06_08-58-52\06d9d2f4861b464192893d7f1ee03623.ps1
[2026-08-06 08:58:52] [INFO] Moved: C:\Users\labuser\AppData\Local\Temp\_CleanupBackup\2026-08-06_08-49-23\282bed63e6cb484abce612b7d6b1ffb5.ignore -> C:\Users\labuser\AppData\Local\Temp\_CleanupBackup\2026-08-06_08-58-52\63da98bf19eb421fbf59c616184c86ec.ignore
[2026-08-06 08:58:52] [INFO] Moved: C:\Users\labuser\AppData\Local\Temp\_CleanupBackup\2026-08-06_08-49-23\2a11f2a546a444cab92af4e5169f7937.log -> C:\Users\labuser\AppData\Local\Temp\_CleanupBackup\2026-08-06_08-58-52\885f9f065cf64966b02181f024c99b04.log
[2026-08-06 08:58:52] [INFO] Moved: C:\Users\labuser\AppData\Local\Temp\_CleanupBackup\2026-08-06_08-49-23\2c3b3fed2cb846b6b21f27a3297e1e24.nuspec -> C:\Users\labuser\AppData\Local\Temp\_CleanupBackup\2026-08-06_08-58-52\65e61d3632124184a08fd431a1a57e38.nuspec
[2026-08-06 08:58:52] [INFO] Moved: C:\Users\labuser\AppData\Local\Temp\_CleanupBackup\2026-08-06_08-49-23\2cd1dc40edc7441980e20991c5c56b90.ps1 -> C:\Users\labuser\AppData\Local\Temp\_CleanupBackup\2026-08-06_08-58-52\208dddac188e412ab0fa12b69212c469.ps1
[2026-08-06 08:58:53] [INFO] Moved: C:\Users\labuser\AppData\Local\Temp\_CleanupBackup\2026-08-06_08-49-23\2e4f25a7ecc744988a9c0909dcab4124.ps1 -> C:\Users\labuser\AppData\Local\Temp\_CleanupBackup\2026-08-06_08-58-52\4c2187cbd1c549d69f52e0dea4f5cd94.ps1
[2026-08-06 08:58:53] [INFO] Moved: C:\Users\labuser\AppData\Local\Temp\_CleanupBackup\2026-08-06_08-49-23\30bed7136eb84267adcaeba715143c44.cmd -> C:\Users\labuser\AppData\Local\Temp\_CleanupBackup\2026-08-06_08-58-52\2564b83b25d04607a4bbac9eeb0ab3f7.cmd
[2026-08-06 08:58:53] [INFO] Moved: C:\Users\labuser\AppData\Local\Temp\_CleanupBackup\2026-08-06_08-49-23\33c018415b36435792d2561c26bd6371.config -> C:\Users\labuser\AppData\Local\Temp\_CleanupBackup\2026-08-06_08-58-52\bdfb62ef1a6c49cb9d3b09c7fd52d092.config
[2026-08-06 08:58:53] [INFO] Moved: C:\Users\labuser\AppData\Local\Temp\_CleanupBackup\2026-08-06_08-49-23\34906db8dc6e4348a38998076efe1554.ps1 -> C:\Users\labuser\AppData\Local\Temp\_CleanupBackup\2026-08-06_08-58-52\5b6386b2f7c34c8982be789de68258e0.ps1
[2026-08-06 08:58:53] [INFO] Moved: C:\Users\labuser\AppData\Local\Temp\_CleanupBackup\2026-08-06_08-49-23\37db2707a480466b8b8d6d3bc1619ca9.exe -> C:\Users\labuser\AppData\Local\Temp\_CleanupBackup\2026-08-06_08-58-52\b61fb9b8c6b14c84935d5c30cd37a68f.exe
[2026-08-06 08:58:53] [INFO] Moved: C:\Users\labuser\AppData\Local\Temp\_CleanupBackup\2026-08-06_08-49-23\39152251ff0b4d65839f82e6d6684c53.ps1 -> C:\Users\labuser\AppData\Local\Temp\_CleanupBackup\2026-08-06_08-58-52\b57de2c31c2349f4b13e0c4fa989cdd7.ps1
[2026-08-06 08:58:53] [INFO] Moved: C:\Users\labuser\AppData\Local\Temp\_CleanupBackup\2026-08-06_08-49-23\3eb543ec52174275af958d1811b2eb13.log -> C:\Users\labuser\AppData\Local\Temp\_CleanupBackup\2026-08-06_08-58-52\cd6d550be0f64d7f9585ca2a5a968d23.log
[2026-08-06 08:58:53] [INFO] Moved: C:\Users\labuser\AppData\Local\Temp\_CleanupBackup\2026-08-06_08-49-23\3f88561f4e734de0b23f8aaa25ee21cb.txt -> C:\Users\labuser\AppData\Local\Temp\_CleanupBackup\2026-08-06_08-58-52\fb6f8e92fc5f4bc8a3e6e7bb9a4ee647.txt
[2026-08-06 08:58:53] [INFO] Moved: C:\Users\labuser\AppData\Local\Temp\_CleanupBackup\2026-08-06_08-49-23\3fa188f1905e4fe6b74e31f7878d186d.exe -> C:\Users\labuser\AppData\Local\Temp\_CleanupBackup\2026-08-06_08-58-52\5080264546d4437c912e37166e6d77b9.exe
[2026-08-06 08:58:53] [INFO] Moved: C:\Users\labuser\AppData\Local\Temp\_CleanupBackup\2026-08-06_08-49-23\41a19c2bf52e4338b38b38878573a18d.zip -> C:\Users\labuser\AppData\Local\Temp\_CleanupBackup\2026-08-06_08-58-52\929cecc1cfff45cea1214cc1336bcfd0.zip
[2026-08-06 08:58:53] [INFO] Moved: C:\Users\labuser\AppData\Local\Temp\_CleanupBackup\2026-08-06_08-49-23\4265ad2ec2ef484b825ae4eac4c2bfe7.ps1 -> C:\Users\labuser\AppData\Local\Temp\_CleanupBackup\2026-08-06_08-58-52\39957e820e6e492d89e326f4d762d264.ps1
[2026-08-06 08:58:53] [INFO] Moved: C:\Users\labuser\AppData\Local\Temp\_CleanupBackup\2026-08-06_08-49-23\4661051dccfe4bc6b371d51a0db39004.csv -> C:\Users\labuser\AppData\Local\Temp\_CleanupBackup\2026-08-06_08-58-52\5ec5c5f6623e4cbca86aaada0c9d8e41.csv
[2026-08-06 08:58:53] [INFO] Moved: C:\Users\labuser\AppData\Local\Temp\_CleanupBackup\2026-08-06_08-49-23\47846fa598184945a4cc3215d00af9e5.ps1 -> C:\Users\labuser\AppData\Local\Temp\_CleanupBackup\2026-08-06_08-58-52\995b0aa9b48e47968516518d350131ff.ps1
[2026-08-06 08:58:53] [INFO] Moved: C:\Users\labuser\AppData\Local\Temp\_CleanupBackup\2026-08-06_08-49-23\4a7c982c641e476f9b38ca20c6c988a3.ignore -> C:\Users\labuser\AppData\Local\Temp\_CleanupBackup\2026-08-06_08-58-52\b8eb47c4762f464ea6b07cd28a128770.ignore
[2026-08-06 08:58:53] [INFO] Moved: C:\Users\labuser\AppData\Local\Temp\_CleanupBackup\2026-08-06_08-49-23\4f28db8d7d3f4c5baf773147c7029bbe.ps1 -> C:\Users\labuser\AppData\Local\Temp\_CleanupBackup\2026-08-06_08-58-52\207ac2c5004d4894944514396510d5f9.ps1
[2026-08-06 08:58:53] [INFO] Moved: C:\Users\labuser\AppData\Local\Temp\_CleanupBackup\2026-08-06_08-49-23\4f5da08fd6134439a96d0a111f5c5bec.exe -> C:\Users\labuser\AppData\Local\Temp\_CleanupBackup\2026-08-06_08-58-52\9bce43c0e1a541469f07bc5b9b85f52b.exe
[2026-08-06 08:58:53] [INFO] Moved: C:\Users\labuser\AppData\Local\Temp\_CleanupBackup\2026-08-06_08-49-23\4f82c6945adc4b5dbe14adcec76af924.log -> C:\Users\labuser\AppData\Local\Temp\_CleanupBackup\2026-08-06_08-58-52\339658ee271f4cd09586f0ab3303a97a.log
[2026-08-06 08:58:53] [INFO] Moved: C:\Users\labuser\AppData\Local\Temp\_CleanupBackup\2026-08-06_08-49-23\4fd01defbee64d96aac551848cd6c9b0.ignore -> C:\Users\labuser\AppData\Local\Temp\_CleanupBackup\2026-08-06_08-58-52\3ce2f6b68eab4d2188b0455d8f0dd363.ignore
[2026-08-06 08:58:53] [INFO] Moved: C:\Users\labuser\AppData\Local\Temp\_CleanupBackup\2026-08-06_08-49-23\54ff8e5afa904fca9fbb686276f81d11.ps1 -> C:\Users\labuser\AppData\Local\Temp\_CleanupBackup\2026-08-06_08-58-52\def0535d55aa424297164d5ad2e1b5d1.ps1
[2026-08-06 08:58:53] [INFO] Moved: C:\Users\labuser\AppData\Local\Temp\_CleanupBackup\2026-08-06_08-49-23\5593c25fe05d41e88808e108d73fc1c7.dat -> C:\Users\labuser\AppData\Local\Temp\_CleanupBackup\2026-08-06_08-58-52\f27c5c95fa7343cd80dafb78a2cb3fd2.dat
[2026-08-06 08:58:53] [INFO] Moved: C:\Users\labuser\AppData\Local\Temp\_CleanupBackup\2026-08-06_08-49-23\5902c57f869440c2a6c54c76809f0f79.exe -> C:\Users\labuser\AppData\Local\Temp\_CleanupBackup\2026-08-06_08-58-52\f45b962fd74d4598a6e6582229baed47.exe
[2026-08-06 08:58:53] [INFO] Moved: C:\Users\labuser\AppData\Local\Temp\_CleanupBackup\2026-08-06_08-49-23\5a982541c35047df93c05b498a07161d.ps1 -> C:\Users\labuser\AppData\Local\Temp\_CleanupBackup\2026-08-06_08-58-52\b089a3db073e4b2f9c34e2f6729cb0ab.ps1
[2026-08-06 08:58:53] [INFO] Moved: C:\Users\labuser\AppData\Local\Temp\_CleanupBackup\2026-08-06_08-49-23\5cdd8882ddf442a0a0d2cc866861ce7f.ps1 -> C:\Users\labuser\AppData\Local\Temp\_CleanupBackup\2026-08-06_08-58-52\d6e082f48c0a44718dbd0c0d4c366aad.ps1
[2026-08-06 08:58:53] [INFO] Moved: C:\Users\labuser\AppData\Local\Temp\_CleanupBackup\2026-08-06_08-49-23\5d7531f8eedf402d8e8cd6248bc3d571.log -> C:\Users\labuser\AppData\Local\Temp\_CleanupBackup\2026-08-06_08-58-52\31fa3ad1483747958baf924a8420951e.log
[2026-08-06 08:58:53] [INFO] Moved: C:\Users\labuser\AppData\Local\Temp\_CleanupBackup\2026-08-06_08-49-23\601e7489442b49f6b29fdbc8a023cc5a.py -> C:\Users\labuser\AppData\Local\Temp\_CleanupBackup\2026-08-06_08-58-52\f1aaa3c95e4d46619e7d5c48c68bd5d7.py
[2026-08-06 08:58:53] [INFO] Moved: C:\Users\labuser\AppData\Local\Temp\_CleanupBackup\2026-08-06_08-49-23\64958d1c91dc4a2b8513f2d6deaa2321.ps1 -> C:\Users\labuser\AppData\Local\Temp\_CleanupBackup\2026-08-06_08-58-52\cf082a7fd76e460f86699d807d786b60.ps1
[2026-08-06 08:58:53] [INFO] Moved: C:\Users\labuser\AppData\Local\Temp\_CleanupBackup\2026-08-06_08-49-23\67dc09e999bd47f5a4c40c596b8c759e.ps1 -> C:\Users\labuser\AppData\Local\Temp\_CleanupBackup\2026-08-06_08-58-52\37615fc8ed7e436f8a8460166fabb06a.ps1
[2026-08-06 08:58:53] [INFO] Moved: C:\Users\labuser\AppData\Local\Temp\_CleanupBackup\2026-08-06_08-49-23\684c40759d374d189a5e1da70a4cd087.manifest -> C:\Users\labuser\AppData\Local\Temp\_CleanupBackup\2026-08-06_08-58-52\0d1f2186f88d4398a04f9638769a9951.manifest
[2026-08-06 08:58:53] [INFO] Moved: C:\Users\labuser\AppData\Local\Temp\_CleanupBackup\2026-08-06_08-49-23\6a3929b4fd3d4322923b6a3c93c4d08d.ps1 -> C:\Users\labuser\AppData\Local\Temp\_CleanupBackup\2026-08-06_08-58-52\7766cc338df145f59f89a1d9fbbb748d.ps1
[2026-08-06 08:58:53] [INFO] Moved: C:\Users\labuser\AppData\Local\Temp\_CleanupBackup\2026-08-06_08-49-23\72501bddf91d4b0b9282900fc23500f7.exe -> C:\Users\labuser\AppData\Local\Temp\_CleanupBackup\2026-08-06_08-58-52\e4342889ee2746d39fbc851c06e218bc.exe
[2026-08-06 08:58:54] [INFO] Moved: C:\Users\labuser\AppData\Local\Temp\_CleanupBackup\2026-08-06_08-49-23\7250cbc1473742f8af379826910d8216.ignore -> C:\Users\labuser\AppData\Local\Temp\_CleanupBackup\2026-08-06_08-58-52\7cc4f96d84064377a54fd3371e35b161.ignore
[2026-08-06 08:58:54] [INFO] Moved: C:\Users\labuser\AppData\Local\Temp\_CleanupBackup\2026-08-06_08-49-23\73a46418ae3f47a8831912e5ba833b45.txt -> C:\Users\labuser\AppData\Local\Temp\_CleanupBackup\2026-08-06_08-58-52\275f3230a55346d2af72fd552d2de35c.txt
[2026-08-06 08:58:54] [INFO] Moved: C:\Users\labuser\AppData\Local\Temp\_CleanupBackup\2026-08-06_08-49-23\73e21fe0d6014e93a9a58b8210bc9bf8.ps1 -> C:\Users\labuser\AppData\Local\Temp\_CleanupBackup\2026-08-06_08-58-52\e6e50982da39495bbace83d89913afd1.ps1
[2026-08-06 08:58:54] [INFO] Moved: C:\Users\labuser\AppData\Local\Temp\_CleanupBackup\2026-08-06_08-49-23\74447187685443f594a3188e26552127.exe -> C:\Users\labuser\AppData\Local\Temp\_CleanupBackup\2026-08-06_08-58-52\4832d2660581450b98d7fc93a2f53162.exe
[2026-08-06 08:58:54] [INFO] Moved: C:\Users\labuser\AppData\Local\Temp\_CleanupBackup\2026-08-06_08-49-23\7519bd65c04045ffbec2cf5886af447d.ps1 -> C:\Users\labuser\AppData\Local\Temp\_CleanupBackup\2026-08-06_08-58-52\543b044a70fd45eeac1bdfff2941a1d4.ps1
[2026-08-06 08:58:54] [INFO] Moved: C:\Users\labuser\AppData\Local\Temp\_CleanupBackup\2026-08-06_08-49-23\816bb132073142ff90b3b7b42a308bf5.ps1 -> C:\Users\labuser\AppData\Local\Temp\_CleanupBackup\2026-08-06_08-58-52\4577f6a18ed74577a51fac90312ffc72.ps1
[2026-08-06 08:58:54] [INFO] Moved: C:\Users\labuser\AppData\Local\Temp\_CleanupBackup\2026-08-06_08-49-23\8471aee9e15348158c8faf33ac07453a.ps1 -> C:\Users\labuser\AppData\Local\Temp\_CleanupBackup\2026-08-06_08-58-52\bbeeb0c09fe742438d12613f81488504.ps1
[2026-08-06 08:58:54] [INFO] Moved: C:\Users\labuser\AppData\Local\Temp\_CleanupBackup\2026-08-06_08-49-23\86e10238244e4e3fb64cab4a6ba8013c.ps1 -> C:\Users\labuser\AppData\Local\Temp\_CleanupBackup\2026-08-06_08-58-52\8b19a6577567424e8bac6c48186dccad.ps1
[2026-08-06 08:58:54] [INFO] Moved: C:\Users\labuser\AppData\Local\Temp\_CleanupBackup\2026-08-06_08-49-23\884d98f6d2ab48c0af532c21b605419c.ses -> C:\Users\labuser\AppData\Local\Temp\_CleanupBackup\2026-08-06_08-58-52\676b666398d44eeda53e6784d98639c0.ses
[2026-08-06 08:58:54] [INFO] Moved: C:\Users\labuser\AppData\Local\Temp\_CleanupBackup\2026-08-06_08-49-23\8acd5e1453e642368b2e2ee8bcfd2374.manifest -> C:\Users\labuser\AppData\Local\Temp\_CleanupBackup\2026-08-06_08-58-52\4e06dae8d982404b844eb6d6fb72f4aa.manifest
[2026-08-06 08:58:54] [INFO] Moved: C:\Users\labuser\AppData\Local\Temp\_CleanupBackup\2026-08-06_08-49-23\8f943e1530c54488bf9a520ba03aeba3.ps1 -> C:\Users\labuser\AppData\Local\Temp\_CleanupBackup\2026-08-06_08-58-52\7f4e04e546c340c89a7c2d954ca6ab5b.ps1
[2026-08-06 08:58:54] [INFO] Moved: C:\Users\labuser\AppData\Local\Temp\_CleanupBackup\2026-08-06_08-49-23\8fb4ac135bca46f5903a95c90320e840.ses -> C:\Users\labuser\AppData\Local\Temp\_CleanupBackup\2026-08-06_08-58-52\cb8c872257f049f7b64f84c182b3b881.ses
[2026-08-06 08:58:54] [INFO] Moved: C:\Users\labuser\AppData\Local\Temp\_CleanupBackup\2026-08-06_08-49-23\918caf4fcdeb40fca3e51263e1ed285d.exe -> C:\Users\labuser\AppData\Local\Temp\_CleanupBackup\2026-08-06_08-58-52\93200a1a2ad4408393e2655e1386808d.exe
[2026-08-06 08:58:54] [INFO] Moved: C:\Users\labuser\AppData\Local\Temp\_CleanupBackup\2026-08-06_08-49-23\95bd7b6b8b9244e99f89eed7fe74870e.ps1 -> C:\Users\labuser\AppData\Local\Temp\_CleanupBackup\2026-08-06_08-58-52\ba6cb37fad254388ae3574db554fd4e2.ps1
[2026-08-06 08:58:54] [INFO] Moved: C:\Users\labuser\AppData\Local\Temp\_CleanupBackup\2026-08-06_08-49-23\96c21236e1204991827b9a20a67c4ffc.exe -> C:\Users\labuser\AppData\Local\Temp\_CleanupBackup\2026-08-06_08-58-52\dab0f7e5a45d45f581b5e08688929c4b.exe
[2026-08-06 08:58:54] [INFO] Moved: C:\Users\labuser\AppData\Local\Temp\_CleanupBackup\2026-08-06_08-49-23\a11abcad6e1244a99bd30c39886eee89.dat -> C:\Users\labuser\AppData\Local\Temp\_CleanupBackup\2026-08-06_08-58-52\60a9b7c48d534556b6d6e6338b9e8780.dat
[2026-08-06 08:58:54] [INFO] Moved: C:\Users\labuser\AppData\Local\Temp\_CleanupBackup\2026-08-06_08-49-23\a227e5c16e7842f7961bd36621b89b37.exe -> C:\Users\labuser\AppData\Local\Temp\_CleanupBackup\2026-08-06_08-58-52\d54d43183dce4f02a52f8ceb85bbec15.exe
[2026-08-06 08:58:54] [INFO] Moved: C:\Users\labuser\AppData\Local\Temp\_CleanupBackup\2026-08-06_08-49-23\a433af57eb074421bc93657eec16c1ca.ses -> C:\Users\labuser\AppData\Local\Temp\_CleanupBackup\2026-08-06_08-58-52\b52ce8e24ba0402dbbb00b56c8581134.ses
[2026-08-06 08:58:54] [INFO] Moved: C:\Users\labuser\AppData\Local\Temp\_CleanupBackup\2026-08-06_08-49-23\a5addaebf1f24921a71106f6d819813d.ps1 -> C:\Users\labuser\AppData\Local\Temp\_CleanupBackup\2026-08-06_08-58-52\e8fb36cfd1d54ec3bd145facc38fdffa.ps1
[2026-08-06 08:58:54] [INFO] Moved: C:\Users\labuser\AppData\Local\Temp\_CleanupBackup\2026-08-06_08-49-23\a91eaa86bfdd462e8411dce9d4d3e8a0.ps1 -> C:\Users\labuser\AppData\Local\Temp\_CleanupBackup\2026-08-06_08-58-52\dddb2f06725b42c3ad9fe10ec0a36327.ps1
[2026-08-06 08:58:54] [INFO] Moved: C:\Users\labuser\AppData\Local\Temp\_CleanupBackup\2026-08-06_08-49-23\aa92e75bd9bf429494e87853298ea818.ps1 -> C:\Users\labuser\AppData\Local\Temp\_CleanupBackup\2026-08-06_08-58-52\566446b17f1c4032b64f38b8827a31d8.ps1
[2026-08-06 08:58:54] [INFO] Moved: C:\Users\labuser\AppData\Local\Temp\_CleanupBackup\2026-08-06_08-49-23\ab2ee6618c774ea88b5ea08f36dfd16f.ps1 -> C:\Users\labuser\AppData\Local\Temp\_CleanupBackup\2026-08-06_08-58-52\40e6fe74c0d142db86daf0052ecb5deb.ps1
[2026-08-06 08:58:54] [INFO] Moved: C:\Users\labuser\AppData\Local\Temp\_CleanupBackup\2026-08-06_08-49-23\adc5cf6d71234b3f859e44948a482159.ps1 -> C:\Users\labuser\AppData\Local\Temp\_CleanupBackup\2026-08-06_08-58-52\6dda2a0611f94bdc8d1d8486dda1e3c1.ps1
[2026-08-06 08:58:54] [INFO] Moved: C:\Users\labuser\AppData\Local\Temp\_CleanupBackup\2026-08-06_08-49-23\aefefe7887064635807705dc9d9f41d5.xml -> C:\Users\labuser\AppData\Local\Temp\_CleanupBackup\2026-08-06_08-58-52\711f595e973f4a6880bb07e747f79397.xml
[2026-08-06 08:58:54] [INFO] Moved: C:\Users\labuser\AppData\Local\Temp\_CleanupBackup\2026-08-06_08-49-23\b19a5b1a9f4e4182af5c651e65d9a7d1.log -> C:\Users\labuser\AppData\Local\Temp\_CleanupBackup\2026-08-06_08-58-52\8e968695308f41b3a7b36a3387b199ee.log
[2026-08-06 08:58:54] [INFO] Moved: C:\Users\labuser\AppData\Local\Temp\_CleanupBackup\2026-08-06_08-49-23\b21195a0e5534487b967f76f04f3346d.ps1 -> C:\Users\labuser\AppData\Local\Temp\_CleanupBackup\2026-08-06_08-58-52\74dd7319a68d4bdc974efba9d6da3e7f.ps1
[2026-08-06 08:58:54] [INFO] Moved: C:\Users\labuser\AppData\Local\Temp\_CleanupBackup\2026-08-06_08-49-23\b28049de830d491b842de54cf23cff40.ignore -> C:\Users\labuser\AppData\Local\Temp\_CleanupBackup\2026-08-06_08-58-52\f9d78c0af147453e93037ab118297b69.ignore
[2026-08-06 08:58:54] [INFO] Moved: C:\Users\labuser\AppData\Local\Temp\_CleanupBackup\2026-08-06_08-49-23\b35191b612504fd19a7ccff30b9dcc32.txt -> C:\Users\labuser\AppData\Local\Temp\_CleanupBackup\2026-08-06_08-58-52\431f36d601b14e07bb383f1879a288d4.txt
[2026-08-06 08:58:54] [INFO] Moved: C:\Users\labuser\AppData\Local\Temp\_CleanupBackup\2026-08-06_08-49-23\b3ed741ce652463682b667d4777e2f3e.exe -> C:\Users\labuser\AppData\Local\Temp\_CleanupBackup\2026-08-06_08-58-52\f562a537060b481aa0bec50f4d3b6840.exe
[2026-08-06 08:58:54] [INFO] Moved: C:\Users\labuser\AppData\Local\Temp\_CleanupBackup\2026-08-06_08-49-23\b411a207192a47abbd4e525c32801f68.ps1 -> C:\Users\labuser\AppData\Local\Temp\_CleanupBackup\2026-08-06_08-58-52\864d075c6307404cac2e1cbb39672051.ps1
[2026-08-06 08:58:54] [INFO] Moved: C:\Users\labuser\AppData\Local\Temp\_CleanupBackup\2026-08-06_08-49-23\b78b7e63785f4fc69e6f351830ac3f83.psm1 -> C:\Users\labuser\AppData\Local\Temp\_CleanupBackup\2026-08-06_08-58-52\cc81663baa5642668c4ef785f76e073c.psm1
[2026-08-06 08:58:54] [INFO] Moved: C:\Users\labuser\AppData\Local\Temp\_CleanupBackup\2026-08-06_08-49-23\b90cffff73814605a527256d50fdc556.ps1 -> C:\Users\labuser\AppData\Local\Temp\_CleanupBackup\2026-08-06_08-58-52\47338b46373d449787e32302f73b54fb.ps1
[2026-08-06 08:58:54] [INFO] Moved: C:\Users\labuser\AppData\Local\Temp\_CleanupBackup\2026-08-06_08-49-23\bbbde2d8d5084ab9840bfa2d19fc3a2e.ps1 -> C:\Users\labuser\AppData\Local\Temp\_CleanupBackup\2026-08-06_08-58-52\3378361b5e2b4628ab6a9a5a79c112d4.ps1
[2026-08-06 08:58:55] [INFO] Moved: C:\Users\labuser\AppData\Local\Temp\_CleanupBackup\2026-08-06_08-49-23\bff29b0b48be472d8264c3e3e78cbff2.ignore -> C:\Users\labuser\AppData\Local\Temp\_CleanupBackup\2026-08-06_08-58-52\7c0958cbcf0a4d7a94488368e2c35302.ignore
[2026-08-06 08:58:55] [INFO] Moved: C:\Users\labuser\AppData\Local\Temp\_CleanupBackup\2026-08-06_08-49-23\c21f526adcca46e0b9a82937f09a055d.zip -> C:\Users\labuser\AppData\Local\Temp\_CleanupBackup\2026-08-06_08-58-52\d64f5981f09b4f7ea274503706e912f8.zip
[2026-08-06 08:58:55] [INFO] Moved: C:\Users\labuser\AppData\Local\Temp\_CleanupBackup\2026-08-06_08-49-23\c6a93036f80a498596f32c30725dde06.ps1 -> C:\Users\labuser\AppData\Local\Temp\_CleanupBackup\2026-08-06_08-58-52\4b95f87be8e746ecbbbb533cbbc1eaa1.ps1
[2026-08-06 08:58:55] [INFO] Moved: C:\Users\labuser\AppData\Local\Temp\_CleanupBackup\2026-08-06_08-49-23\c6f8a7a1bc7647d0aac7bc0501596d67.dll -> C:\Users\labuser\AppData\Local\Temp\_CleanupBackup\2026-08-06_08-58-52\3549e2371a04416b87431e7c79eb9a65.dll
[2026-08-06 08:58:55] [INFO] Moved: C:\Users\labuser\AppData\Local\Temp\_CleanupBackup\2026-08-06_08-49-23\c8e0a7d578f947089a51ca0c3eef0680.ignore -> C:\Users\labuser\AppData\Local\Temp\_CleanupBackup\2026-08-06_08-58-52\c509d0e0f5e042da989a30d1fe7b83e2.ignore
[2026-08-06 08:58:55] [INFO] Moved: C:\Users\labuser\AppData\Local\Temp\_CleanupBackup\2026-08-06_08-49-23\cfe4233558574c1fa0943937000133de.ps1 -> C:\Users\labuser\AppData\Local\Temp\_CleanupBackup\2026-08-06_08-58-52\98e4f54a30134fa79a6aeef29aa8b23a.ps1
[2026-08-06 08:58:55] [INFO] Moved: C:\Users\labuser\AppData\Local\Temp\_CleanupBackup\2026-08-06_08-49-23\d03df5a361ed4d0dbe0960b2b911e9d3.exe -> C:\Users\labuser\AppData\Local\Temp\_CleanupBackup\2026-08-06_08-58-52\78e6c8541f254dd6b6dc8c2cf062132c.exe
[2026-08-06 08:58:55] [INFO] Moved: C:\Users\labuser\AppData\Local\Temp\_CleanupBackup\2026-08-06_08-49-23\d1c9c8353062401da8990dd01bcad4fc.cmd -> C:\Users\labuser\AppData\Local\Temp\_CleanupBackup\2026-08-06_08-58-52\b62bd057e7d24fe08c3c54b9d840564a.cmd
[2026-08-06 08:58:55] [INFO] Moved: C:\Users\labuser\AppData\Local\Temp\_CleanupBackup\2026-08-06_08-49-23\d75fa77f87f34f85b1167a126ad67be8.py -> C:\Users\labuser\AppData\Local\Temp\_CleanupBackup\2026-08-06_08-58-52\7a508471db704754a7275aae059b88b6.py
[2026-08-06 08:58:55] [INFO] Moved: C:\Users\labuser\AppData\Local\Temp\_CleanupBackup\2026-08-06_08-49-23\d8d2a7d7ebaa46d99228d52ba8b67c7f.ignore -> C:\Users\labuser\AppData\Local\Temp\_CleanupBackup\2026-08-06_08-58-52\e613420d895e411a97c7d1b4f0c73fa6.ignore
[2026-08-06 08:58:55] [INFO] Moved: C:\Users\labuser\AppData\Local\Temp\_CleanupBackup\2026-08-06_08-49-23\d9c0928406774d59802ba1e457eae802.ps1 -> C:\Users\labuser\AppData\Local\Temp\_CleanupBackup\2026-08-06_08-58-52\25617dfa0619403c91969afc9c188345.ps1
[2026-08-06 08:58:55] [INFO] Moved: C:\Users\labuser\AppData\Local\Temp\_CleanupBackup\2026-08-06_08-49-23\dada85f2b1494c7083920077f95e3c54.ps1 -> C:\Users\labuser\AppData\Local\Temp\_CleanupBackup\2026-08-06_08-58-52\7fe43be7f11d48f79e7078d5fc44b79e.ps1
[2026-08-06 08:58:55] [INFO] Moved: C:\Users\labuser\AppData\Local\Temp\_CleanupBackup\2026-08-06_08-49-23\dddc797513a247bc97bac9b66f3ad46f.txt -> C:\Users\labuser\AppData\Local\Temp\_CleanupBackup\2026-08-06_08-58-52\76c8de625da24d748e040b715f7d2e41.txt
[2026-08-06 08:58:55] [INFO] Moved: C:\Users\labuser\AppData\Local\Temp\_CleanupBackup\2026-08-06_08-49-23\ddf12854acae4ebbadc5fd1182eb81ce.ses -> C:\Users\labuser\AppData\Local\Temp\_CleanupBackup\2026-08-06_08-58-52\2b4bbf8f50a241c586bbeb9f3bcebcca.ses
[2026-08-06 08:58:55] [INFO] Moved: C:\Users\labuser\AppData\Local\Temp\_CleanupBackup\2026-08-06_08-49-23\e05ae8ec311c4b7ba0ed591a002d04ab.ps1 -> C:\Users\labuser\AppData\Local\Temp\_CleanupBackup\2026-08-06_08-58-52\2d5c224ef01e4038a2ff6ed270fb4eb7.ps1
[2026-08-06 08:58:55] [INFO] Moved: C:\Users\labuser\AppData\Local\Temp\_CleanupBackup\2026-08-06_08-49-23\e53f8410ba5241f5ab812dcf26d78e92.manifest -> C:\Users\labuser\AppData\Local\Temp\_CleanupBackup\2026-08-06_08-58-52\6d04ff84906240f6a48a31588561620c.manifest
[2026-08-06 08:58:55] [INFO] Moved: C:\Users\labuser\AppData\Local\Temp\_CleanupBackup\2026-08-06_08-49-23\e69d1f89b2fa4caebfdfe6ee7d321693.exe -> C:\Users\labuser\AppData\Local\Temp\_CleanupBackup\2026-08-06_08-58-52\5809ea1617754414a3941e8f18752fc9.exe
[2026-08-06 08:58:55] [INFO] Moved: C:\Users\labuser\AppData\Local\Temp\_CleanupBackup\2026-08-06_08-49-23\ef115ed282194f53b7dfd551f1bb03b8.ps1 -> C:\Users\labuser\AppData\Local\Temp\_CleanupBackup\2026-08-06_08-58-52\5be2731258b04d608005480369416cfb.ps1
[2026-08-06 08:58:55] [INFO] Moved: C:\Users\labuser\AppData\Local\Temp\_CleanupBackup\2026-08-06_08-49-23\f19f280de4094af1bdb6fd982a784fdf.log -> C:\Users\labuser\AppData\Local\Temp\_CleanupBackup\2026-08-06_08-58-52\0b7c9958044e4093a2418f278c6afa61.log
[2026-08-06 08:58:55] [INFO] Moved: C:\Users\labuser\AppData\Local\Temp\_CleanupBackup\2026-08-06_08-49-23\f1ece7abb1f646f5a06421c42aa1a109.ps1 -> C:\Users\labuser\AppData\Local\Temp\_CleanupBackup\2026-08-06_08-58-52\54e382c4a64242b191f44d2d35771660.ps1
[2026-08-06 08:58:55] [INFO] Moved: C:\Users\labuser\AppData\Local\Temp\_CleanupBackup\2026-08-06_08-49-23\f618a70e6f3f4ab6b9c772e06f7ba940.psm1 -> C:\Users\labuser\AppData\Local\Temp\_CleanupBackup\2026-08-06_08-58-52\6892741e20a84fa68fc20e661b49edf0.psm1
[2026-08-06 08:58:55] [INFO] Moved: C:\Users\labuser\AppData\Local\Temp\_CleanupBackup\2026-08-06_08-49-23\f7208d7e3f464bf6bbe7f78a560757db.ignore -> C:\Users\labuser\AppData\Local\Temp\_CleanupBackup\2026-08-06_08-58-52\ee0d1a6f9f0d4e9b87c7a7cea7a3ba3a.ignore
[2026-08-06 08:58:55] [INFO] Moved: C:\Users\labuser\AppData\Local\Temp\_CleanupBackup\2026-08-06_08-49-23\f73552857b64453b909ad0b5e7ff830e.ps1 -> C:\Users\labuser\AppData\Local\Temp\_CleanupBackup\2026-08-06_08-58-52\4b5d021c87a644a18ebafa5fa6514762.ps1
[2026-08-06 08:58:55] [INFO] Moved: C:\Users\labuser\AppData\Local\Temp\_CleanupBackup\2026-08-06_08-49-23\f935846791924fe8af20d1b2f6566d87.ignore -> C:\Users\labuser\AppData\Local\Temp\_CleanupBackup\2026-08-06_08-58-52\b418a9ab3b854cafb0dec2d8b9406600.ignore
[2026-08-06 08:58:55] [INFO] Moved: C:\Users\labuser\AppData\Local\Temp\_CleanupBackup\2026-08-06_08-49-23\fcd7de9af4234d30b099783a18157264.json -> C:\Users\labuser\AppData\Local\Temp\_CleanupBackup\2026-08-06_08-58-52\b68258225c7248e8a9a0bf0deac989b5.json
[2026-08-06 08:58:55] [INFO] Moved: C:\Users\labuser\AppData\Local\Temp\_CleanupBackup\2026-08-06_08-49-23\ff428f07a0c74fa99cba19e725846e19.ps1 -> C:\Users\labuser\AppData\Local\Temp\_CleanupBackup\2026-08-06_08-58-52\d711f141b3234bcfad66e91a34f1b5f0.ps1
[2026-08-06 08:58:55] [INFO] Moved: C:\Users\labuser\AppData\Local\Temp\_CleanupBackup\2026-08-06_08-49-23\manifest.csv -> C:\Users\labuser\AppData\Local\Temp\_CleanupBackup\2026-08-06_08-58-52\09318dc8146245f7903f17881572d51d.csv
[2026-08-06 08:58:55] [INFO] --- Scanning: C:\Windows\Temp ---
[2026-08-06 08:58:55] [INFO] Files matching criteria: 0
[2026-08-06 08:58:55] [INFO] Summary - Found:115 Moved:112 DryRun:0 Locked:3 Errors:0
[2026-08-06 08:58:55] [INFO] === Cleanup complete ===
