[2026-08-06 08:58:58] [INFO] =================================================================
[2026-08-06 08:58:58] [INFO] DWP Temp Cleanup - Session: 2026-08-06_08-58-58
[2026-08-06 08:58:58] [INFO] Mode       : DRY RUN (no changes will be made)
[2026-08-06 08:58:58] [INFO] Cutoff     : files older than 0 day(s) (before 2026-08-06 08:58:58)
[2026-08-06 08:58:58] [INFO] Targets    : C:\Users\labuser\AppData\Local\Temp, C:\Windows\Temp
[2026-08-06 08:58:58] [INFO] =================================================================
[2026-08-06 08:58:58] [INFO] --- Scanning: C:\Users\labuser\AppData\Local\Temp ---
[2026-08-06 08:58:58] [INFO] Files matching criteria: 116
[2026-08-06 08:58:58] [WARN] Locked, skipped: C:\Users\labuser\AppData\Local\Temp\2\41633f49-db4a-4649-819d-b073e4db82ab.tmp
[2026-08-06 08:58:58] [WARN] Locked, skipped: C:\Users\labuser\AppData\Local\Temp\2\53f83266-e523-4538-9e1d-6b6bf0f8a9b0.tmp
[2026-08-06 08:58:58] [WARN] Locked, skipped: C:\Users\labuser\AppData\Local\Temp\2\f2ebec0d-a23c-4599-a097-fb87d36cee5f.tmp
[2026-08-06 08:58:58] [DRY] Would move: C:\Users\labuser\AppData\Local\Temp\_CleanupBackup\2026-08-06_08-58-52\0241206c916e4147acfbd304cb7d992a.log  [0.1 KB, modified 2026-08-05 09:48:51]
[2026-08-06 08:58:58] [DRY] Would move: C:\Users\labuser\AppData\Local\Temp\_CleanupBackup\2026-08-06_08-58-52\059081a4ac284cc8addb4f36d87c0bd9.exe  [232225.2 KB, modified 2026-08-05 10:37:47]
[2026-08-06 08:58:58] [DRY] Would move: C:\Users\labuser\AppData\Local\Temp\_CleanupBackup\2026-08-06_08-58-52\06d9d2f4861b464192893d7f1ee03623.ps1  [15.3 KB, modified 2023-05-10 10:53:30]
[2026-08-06 08:58:58] [DRY] Would move: C:\Users\labuser\AppData\Local\Temp\_CleanupBackup\2026-08-06_08-58-52\09318dc8146245f7903f17881572d51d.csv  [29.3 KB, modified 2026-08-06 08:51:46]
[2026-08-06 08:58:58] [DRY] Would move: C:\Users\labuser\AppData\Local\Temp\_CleanupBackup\2026-08-06_08-58-52\0b7c9958044e4093a2418f278c6afa61.log  [1087.8 KB, modified 2026-08-03 07:56:38]
[2026-08-06 08:58:59] [DRY] Would move: C:\Users\labuser\AppData\Local\Temp\_CleanupBackup\2026-08-06_08-58-52\0d1f2186f88d4398a04f9638769a9951.manifest  [3 KB, modified 2023-05-10 10:53:30]
[2026-08-06 08:58:59] [DRY] Would move: C:\Users\labuser\AppData\Local\Temp\_CleanupBackup\2026-08-06_08-58-52\1748043152c945ae9ff90f463b08fbca.ps1  [14.6 KB, modified 2023-05-10 10:53:30]
[2026-08-06 08:58:59] [DRY] Would move: C:\Users\labuser\AppData\Local\Temp\_CleanupBackup\2026-08-06_08-58-52\207ac2c5004d4894944514396510d5f9.ps1  [16.2 KB, modified 2023-05-10 10:53:30]
[2026-08-06 08:58:59] [DRY] Would move: C:\Users\labuser\AppData\Local\Temp\_CleanupBackup\2026-08-06_08-58-52\208dddac188e412ab0fa12b69212c469.ps1  [29.4 KB, modified 2023-05-10 10:53:30]
[2026-08-06 08:58:59] [DRY] Would move: C:\Users\labuser\AppData\Local\Temp\_CleanupBackup\2026-08-06_08-58-52\25617dfa0619403c91969afc9c188345.ps1  [22.6 KB, modified 2023-05-10 10:53:30]
[2026-08-06 08:58:59] [DRY] Would move: C:\Users\labuser\AppData\Local\Temp\_CleanupBackup\2026-08-06_08-58-52\2564b83b25d04607a4bbac9eeb0ab3f7.cmd  [1.1 KB, modified 2026-08-03 07:56:44]
[2026-08-06 08:58:59] [DRY] Would move: C:\Users\labuser\AppData\Local\Temp\_CleanupBackup\2026-08-06_08-58-52\275f3230a55346d2af72fd552d2de35c.txt  [1.1 KB, modified 2023-05-10 10:53:30]
[2026-08-06 08:58:59] [DRY] Would move: C:\Users\labuser\AppData\Local\Temp\_CleanupBackup\2026-08-06_08-58-52\2b4bbf8f50a241c586bbeb9f3bcebcca.ses  [0.1 KB, modified 2026-08-03 07:57:22]
[2026-08-06 08:58:59] [DRY] Would move: C:\Users\labuser\AppData\Local\Temp\_CleanupBackup\2026-08-06_08-58-52\2d5c224ef01e4038a2ff6ed270fb4eb7.ps1  [28.8 KB, modified 2023-05-10 10:53:30]
[2026-08-06 08:58:59] [DRY] Would move: C:\Users\labuser\AppData\Local\Temp\_CleanupBackup\2026-08-06_08-58-52\31fa3ad1483747958baf924a8420951e.log  [0.1 KB, modified 2026-08-05 08:27:44]
[2026-08-06 08:58:59] [DRY] Would move: C:\Users\labuser\AppData\Local\Temp\_CleanupBackup\2026-08-06_08-58-52\3378361b5e2b4628ab6a9a5a79c112d4.ps1  [17 KB, modified 2023-05-10 10:53:30]
[2026-08-06 08:58:59] [DRY] Would move: C:\Users\labuser\AppData\Local\Temp\_CleanupBackup\2026-08-06_08-58-52\339658ee271f4cd09586f0ab3303a97a.log  [7.7 KB, modified 2026-08-06 08:30:47]
[2026-08-06 08:58:59] [DRY] Would move: C:\Users\labuser\AppData\Local\Temp\_CleanupBackup\2026-08-06_08-58-52\3549e2371a04416b87431e7c79eb9a65.dll  [1140.5 KB, modified 2023-05-10 10:53:32]
[2026-08-06 08:58:59] [DRY] Would move: C:\Users\labuser\AppData\Local\Temp\_CleanupBackup\2026-08-06_08-58-52\37615fc8ed7e436f8a8460166fabb06a.ps1  [14.5 KB, modified 2023-05-10 10:53:30]
[2026-08-06 08:58:59] [DRY] Would move: C:\Users\labuser\AppData\Local\Temp\_CleanupBackup\2026-08-06_08-58-52\39957e820e6e492d89e326f4d762d264.ps1  [26.7 KB, modified 2023-05-10 10:53:30]
[2026-08-06 08:58:59] [DRY] Would move: C:\Users\labuser\AppData\Local\Temp\_CleanupBackup\2026-08-06_08-58-52\3bf80637007e42a38038fc4dc3f82351.ps1  [16.3 KB, modified 2023-05-10 10:53:30]
[2026-08-06 08:58:59] [DRY] Would move: C:\Users\labuser\AppData\Local\Temp\_CleanupBackup\2026-08-06_08-58-52\3ce2f6b68eab4d2188b0455d8f0dd363.ignore  [0 KB, modified 2023-05-10 10:53:32]
[2026-08-06 08:58:59] [DRY] Would move: C:\Users\labuser\AppData\Local\Temp\_CleanupBackup\2026-08-06_08-58-52\40e6fe74c0d142db86daf0052ecb5deb.ps1  [15.5 KB, modified 2023-05-10 10:53:30]
[2026-08-06 08:58:59] [DRY] Would move: C:\Users\labuser\AppData\Local\Temp\_CleanupBackup\2026-08-06_08-58-52\431f36d601b14e07bb383f1879a288d4.txt  [0.7 KB, modified 2023-05-10 10:53:30]
[2026-08-06 08:58:59] [DRY] Would move: C:\Users\labuser\AppData\Local\Temp\_CleanupBackup\2026-08-06_08-58-52\4577f6a18ed74577a51fac90312ffc72.ps1  [25.2 KB, modified 2023-05-10 10:53:30]
[2026-08-06 08:58:59] [DRY] Would move: C:\Users\labuser\AppData\Local\Temp\_CleanupBackup\2026-08-06_08-58-52\47338b46373d449787e32302f73b54fb.ps1  [14.7 KB, modified 2023-05-10 10:53:30]
[2026-08-06 08:58:59] [DRY] Would move: C:\Users\labuser\AppData\Local\Temp\_CleanupBackup\2026-08-06_08-58-52\4832d2660581450b98d7fc93a2f53162.exe  [7435.1 KB, modified 2023-05-10 10:53:30]
[2026-08-06 08:58:59] [DRY] Would move: C:\Users\labuser\AppData\Local\Temp\_CleanupBackup\2026-08-06_08-58-52\4b5d021c87a644a18ebafa5fa6514762.ps1  [21.7 KB, modified 2023-05-10 10:53:30]
[2026-08-06 08:58:59] [DRY] Would move: C:\Users\labuser\AppData\Local\Temp\_CleanupBackup\2026-08-06_08-58-52\4b95f87be8e746ecbbbb533cbbc1eaa1.ps1  [17.1 KB, modified 2023-05-10 10:53:30]
[2026-08-06 08:58:59] [DRY] Would move: C:\Users\labuser\AppData\Local\Temp\_CleanupBackup\2026-08-06_08-58-52\4c2187cbd1c549d69f52e0dea4f5cd94.ps1  [16.2 KB, modified 2023-05-10 10:53:30]
[2026-08-06 08:58:59] [DRY] Would move: C:\Users\labuser\AppData\Local\Temp\_CleanupBackup\2026-08-06_08-58-52\4e06dae8d982404b844eb6d6fb72f4aa.manifest  [0.5 KB, modified 2023-05-10 10:53:32]
[2026-08-06 08:58:59] [DRY] Would move: C:\Users\labuser\AppData\Local\Temp\_CleanupBackup\2026-08-06_08-58-52\4ebebf4419ac44c5a62e90c8607a9f01.ps1  [23.4 KB, modified 2023-05-10 10:53:30]
[2026-08-06 08:58:59] [DRY] Would move: C:\Users\labuser\AppData\Local\Temp\_CleanupBackup\2026-08-06_08-58-52\5080264546d4437c912e37166e6d77b9.exe  [555.1 KB, modified 2023-05-10 10:53:32]
[2026-08-06 08:58:59] [DRY] Would move: C:\Users\labuser\AppData\Local\Temp\_CleanupBackup\2026-08-06_08-58-52\543b044a70fd45eeac1bdfff2941a1d4.ps1  [16 KB, modified 2023-05-10 10:53:30]
[2026-08-06 08:58:59] [DRY] Would move: C:\Users\labuser\AppData\Local\Temp\_CleanupBackup\2026-08-06_08-58-52\54e382c4a64242b191f44d2d35771660.ps1  [14.5 KB, modified 2023-05-10 10:53:30]
[2026-08-06 08:58:59] [DRY] Would move: C:\Users\labuser\AppData\Local\Temp\_CleanupBackup\2026-08-06_08-58-52\566446b17f1c4032b64f38b8827a31d8.ps1  [14.3 KB, modified 2023-05-10 10:53:30]
[2026-08-06 08:58:59] [DRY] Would move: C:\Users\labuser\AppData\Local\Temp\_CleanupBackup\2026-08-06_08-58-52\5809ea1617754414a3941e8f18752fc9.exe  [143.1 KB, modified 2023-05-10 10:53:32]
[2026-08-06 08:58:59] [DRY] Would move: C:\Users\labuser\AppData\Local\Temp\_CleanupBackup\2026-08-06_08-58-52\5b6386b2f7c34c8982be789de68258e0.ps1  [19.7 KB, modified 2023-05-10 10:53:30]
[2026-08-06 08:58:59] [DRY] Would move: C:\Users\labuser\AppData\Local\Temp\_CleanupBackup\2026-08-06_08-58-52\5be2731258b04d608005480369416cfb.ps1  [20.4 KB, modified 2023-05-10 10:53:30]
[2026-08-06 08:58:59] [DRY] Would move: C:\Users\labuser\AppData\Local\Temp\_CleanupBackup\2026-08-06_08-58-52\5ec5c5f6623e4cbca86aaada0c9d8e41.csv  [27.5 KB, modified 2026-08-05 12:21:20]
[2026-08-06 08:58:59] [DRY] Would move: C:\Users\labuser\AppData\Local\Temp\_CleanupBackup\2026-08-06_08-58-52\60a9b7c48d534556b6d6e6338b9e8780.dat  [0 KB, modified 2026-08-05 08:34:50]
[2026-08-06 08:58:59] [DRY] Would move: C:\Users\labuser\AppData\Local\Temp\_CleanupBackup\2026-08-06_08-58-52\63da98bf19eb421fbf59c616184c86ec.ignore  [0 KB, modified 2023-05-10 10:53:32]
[2026-08-06 08:58:59] [DRY] Would move: C:\Users\labuser\AppData\Local\Temp\_CleanupBackup\2026-08-06_08-58-52\65e61d3632124184a08fd431a1a57e38.nuspec  [3.7 KB, modified 2023-05-10 10:53:30]
[2026-08-06 08:58:59] [DRY] Would move: C:\Users\labuser\AppData\Local\Temp\_CleanupBackup\2026-08-06_08-58-52\676b666398d44eeda53e6784d98639c0.ses  [0.1 KB, modified 2026-08-05 09:48:29]
[2026-08-06 08:58:59] [DRY] Would move: C:\Users\labuser\AppData\Local\Temp\_CleanupBackup\2026-08-06_08-58-52\6892741e20a84fa68fc20e661b49edf0.psm1  [16.5 KB, modified 2023-05-10 10:53:30]
[2026-08-06 08:58:59] [DRY] Would move: C:\Users\labuser\AppData\Local\Temp\_CleanupBackup\2026-08-06_08-58-52\6d04ff84906240f6a48a31588561620c.manifest  [0.5 KB, modified 2023-05-10 10:53:32]
[2026-08-06 08:58:59] [DRY] Would move: C:\Users\labuser\AppData\Local\Temp\_CleanupBackup\2026-08-06_08-58-52\6dda2a0611f94bdc8d1d8486dda1e3c1.ps1  [23.9 KB, modified 2023-05-10 10:53:30]
[2026-08-06 08:58:59] [DRY] Would move: C:\Users\labuser\AppData\Local\Temp\_CleanupBackup\2026-08-06_08-58-52\70a4a032642c49b78230514f9bbf7bd9.ps1  [15.5 KB, modified 2023-05-10 10:53:30]
[2026-08-06 08:58:59] [DRY] Would move: C:\Users\labuser\AppData\Local\Temp\_CleanupBackup\2026-08-06_08-58-52\711f595e973f4a6880bb07e747f79397.xml  [0.9 KB, modified 2023-05-10 10:53:32]
[2026-08-06 08:58:59] [DRY] Would move: C:\Users\labuser\AppData\Local\Temp\_CleanupBackup\2026-08-06_08-58-52\74dd7319a68d4bdc974efba9d6da3e7f.ps1  [15.2 KB, modified 2023-05-10 10:53:30]
[2026-08-06 08:58:59] [DRY] Would move: C:\Users\labuser\AppData\Local\Temp\_CleanupBackup\2026-08-06_08-58-52\76c8de625da24d748e040b715f7d2e41.txt  [0.1 KB, modified 2023-05-10 10:53:32]
[2026-08-06 08:58:59] [DRY] Would move: C:\Users\labuser\AppData\Local\Temp\_CleanupBackup\2026-08-06_08-58-52\7766cc338df145f59f89a1d9fbbb748d.ps1  [20.4 KB, modified 2023-05-10 10:53:30]
[2026-08-06 08:58:59] [DRY] Would move: C:\Users\labuser\AppData\Local\Temp\_CleanupBackup\2026-08-06_08-58-52\78e6c8541f254dd6b6dc8c2cf062132c.exe  [143.1 KB, modified 2023-05-10 10:53:32]
[2026-08-06 08:58:59] [DRY] Would move: C:\Users\labuser\AppData\Local\Temp\_CleanupBackup\2026-08-06_08-58-52\7a508471db704754a7275aae059b88b6.py  [0.2 KB, modified 2026-08-05 08:34:50]
[2026-08-06 08:58:59] [DRY] Would move: C:\Users\labuser\AppData\Local\Temp\_CleanupBackup\2026-08-06_08-58-52\7a6b6304903244de8c854116a1ce9575.rels  [0.5 KB, modified 2023-05-10 10:53:32]
[2026-08-06 08:58:59] [DRY] Would move: C:\Users\labuser\AppData\Local\Temp\_CleanupBackup\2026-08-06_08-58-52\7bd9cf5259eb43eda497478c0e0c486f.csv  [27.3 KB, modified 2026-08-05 12:04:55]
[2026-08-06 08:58:59] [DRY] Would move: C:\Users\labuser\AppData\Local\Temp\_CleanupBackup\2026-08-06_08-58-52\7c0958cbcf0a4d7a94488368e2c35302.ignore  [0 KB, modified 2023-05-10 10:53:32]
[2026-08-06 08:58:59] [DRY] Would move: C:\Users\labuser\AppData\Local\Temp\_CleanupBackup\2026-08-06_08-58-52\7cc4f96d84064377a54fd3371e35b161.ignore  [0 KB, modified 2023-05-10 10:53:32]
[2026-08-06 08:58:59] [DRY] Would move: C:\Users\labuser\AppData\Local\Temp\_CleanupBackup\2026-08-06_08-58-52\7edf1831ed044a7e9c6e05ce955f0ee5.csv  [27 KB, modified 2026-08-05 11:58:36]
[2026-08-06 08:58:59] [DRY] Would move: C:\Users\labuser\AppData\Local\Temp\_CleanupBackup\2026-08-06_08-58-52\7f4e04e546c340c89a7c2d954ca6ab5b.ps1  [16.9 KB, modified 2023-05-10 10:53:30]
[2026-08-06 08:58:59] [DRY] Would move: C:\Users\labuser\AppData\Local\Temp\_CleanupBackup\2026-08-06_08-58-52\7fe43be7f11d48f79e7078d5fc44b79e.ps1  [18.4 KB, modified 2023-05-10 10:53:30]
[2026-08-06 08:58:59] [DRY] Would move: C:\Users\labuser\AppData\Local\Temp\_CleanupBackup\2026-08-06_08-58-52\864d075c6307404cac2e1cbb39672051.ps1  [15.5 KB, modified 2023-05-10 10:53:30]
[2026-08-06 08:58:59] [DRY] Would move: C:\Users\labuser\AppData\Local\Temp\_CleanupBackup\2026-08-06_08-58-52\878e7ffe83ae4cf090c0baa46f30d748.psm1  [45.8 KB, modified 2023-05-10 10:53:30]
[2026-08-06 08:58:59] [DRY] Would move: C:\Users\labuser\AppData\Local\Temp\_CleanupBackup\2026-08-06_08-58-52\885f9f065cf64966b02181f024c99b04.log  [0.1 KB, modified 2026-08-06 08:39:50]
[2026-08-06 08:58:59] [DRY] Would move: C:\Users\labuser\AppData\Local\Temp\_CleanupBackup\2026-08-06_08-58-52\889cae390087476a8cc78e2763910778.txt  [3.7 KB, modified 2023-05-10 10:53:32]
[2026-08-06 08:58:59] [DRY] Would move: C:\Users\labuser\AppData\Local\Temp\_CleanupBackup\2026-08-06_08-58-52\8b19a6577567424e8bac6c48186dccad.ps1  [25.8 KB, modified 2023-05-10 10:53:30]
[2026-08-06 08:58:59] [DRY] Would move: C:\Users\labuser\AppData\Local\Temp\_CleanupBackup\2026-08-06_08-58-52\8e968695308f41b3a7b36a3387b199ee.log  [274.9 KB, modified 2026-08-05 08:38:44]
[2026-08-06 08:58:59] [DRY] Would move: C:\Users\labuser\AppData\Local\Temp\_CleanupBackup\2026-08-06_08-58-52\929cecc1cfff45cea1214cc1336bcfd0.zip  [112317.5 KB, modified 2026-08-03 07:53:25]
[2026-08-06 08:58:59] [DRY] Would move: C:\Users\labuser\AppData\Local\Temp\_CleanupBackup\2026-08-06_08-58-52\93200a1a2ad4408393e2655e1386808d.exe  [143.1 KB, modified 2023-05-10 10:53:32]
[2026-08-06 08:58:59] [DRY] Would move: C:\Users\labuser\AppData\Local\Temp\_CleanupBackup\2026-08-06_08-58-52\97b70a100eef4df4862729c1b62cf216.log  [0.1 KB, modified 2026-08-06 08:27:53]
[2026-08-06 08:58:59] [DRY] Would move: C:\Users\labuser\AppData\Local\Temp\_CleanupBackup\2026-08-06_08-58-52\98e4f54a30134fa79a6aeef29aa8b23a.ps1  [21.4 KB, modified 2023-05-10 10:53:30]
[2026-08-06 08:58:59] [DRY] Would move: C:\Users\labuser\AppData\Local\Temp\_CleanupBackup\2026-08-06_08-58-52\995b0aa9b48e47968516518d350131ff.ps1  [16.8 KB, modified 2023-05-10 10:53:30]
[2026-08-06 08:58:59] [DRY] Would move: C:\Users\labuser\AppData\Local\Temp\_CleanupBackup\2026-08-06_08-58-52\9a9bb37b401a433cb9408f46d12028e3.ignore  [0 KB, modified 2023-05-10 10:53:32]
[2026-08-06 08:58:59] [DRY] Would move: C:\Users\labuser\AppData\Local\Temp\_CleanupBackup\2026-08-06_08-58-52\9bce43c0e1a541469f07bc5b9b85f52b.exe  [226902 KB, modified 2026-08-03 07:55:17]
[2026-08-06 08:58:59] [DRY] Would move: C:\Users\labuser\AppData\Local\Temp\_CleanupBackup\2026-08-06_08-58-52\a1d235b77e1241da8f1184be7eedcde3.ps1  [14.4 KB, modified 2023-05-10 10:53:30]
[2026-08-06 08:58:59] [DRY] Would move: C:\Users\labuser\AppData\Local\Temp\_CleanupBackup\2026-08-06_08-58-52\a2b405245de64b118aac4e6d6d3bfd24.psmdcp  [3.4 KB, modified 2023-05-10 10:53:32]
[2026-08-06 08:58:59] [DRY] Would move: C:\Users\labuser\AppData\Local\Temp\_CleanupBackup\2026-08-06_08-58-52\aa7a67acdd124b279b720939ad6d72d4.csv  [25 KB, modified 2026-08-05 11:49:36]
[2026-08-06 08:58:59] [DRY] Would move: C:\Users\labuser\AppData\Local\Temp\_CleanupBackup\2026-08-06_08-58-52\b089a3db073e4b2f9c34e2f6729cb0ab.ps1  [14 KB, modified 2023-05-10 10:53:30]
[2026-08-06 08:58:59] [DRY] Would move: C:\Users\labuser\AppData\Local\Temp\_CleanupBackup\2026-08-06_08-58-52\b418a9ab3b854cafb0dec2d8b9406600.ignore  [0 KB, modified 2023-05-10 10:53:32]
[2026-08-06 08:58:59] [DRY] Would move: C:\Users\labuser\AppData\Local\Temp\_CleanupBackup\2026-08-06_08-58-52\b52ce8e24ba0402dbbb00b56c8581134.ses  [0.1 KB, modified 2026-08-06 08:26:56]
[2026-08-06 08:58:59] [DRY] Would move: C:\Users\labuser\AppData\Local\Temp\_CleanupBackup\2026-08-06_08-58-52\b57de2c31c2349f4b13e0c4fa989cdd7.ps1  [28.3 KB, modified 2023-05-10 10:53:30]
[2026-08-06 08:58:59] [DRY] Would move: C:\Users\labuser\AppData\Local\Temp\_CleanupBackup\2026-08-06_08-58-52\b61fb9b8c6b14c84935d5c30cd37a68f.exe  [324 KB, modified 2023-05-10 10:53:32]
[2026-08-06 08:58:59] [DRY] Would move: C:\Users\labuser\AppData\Local\Temp\_CleanupBackup\2026-08-06_08-58-52\b62bd057e7d24fe08c3c54b9d840564a.cmd  [2.3 KB, modified 2023-05-10 10:53:32]
[2026-08-06 08:58:59] [DRY] Would move: C:\Users\labuser\AppData\Local\Temp\_CleanupBackup\2026-08-06_08-58-52\b68258225c7248e8a9a0bf0deac989b5.json  [0.5 KB, modified 2026-08-05 10:37:54]
[2026-08-06 08:58:59] [DRY] Would move: C:\Users\labuser\AppData\Local\Temp\_CleanupBackup\2026-08-06_08-58-52\b8eb47c4762f464ea6b07cd28a128770.ignore  [0 KB, modified 2023-05-10 10:53:32]
[2026-08-06 08:58:59] [DRY] Would move: C:\Users\labuser\AppData\Local\Temp\_CleanupBackup\2026-08-06_08-58-52\ba6cb37fad254388ae3574db554fd4e2.ps1  [16.7 KB, modified 2023-05-10 10:53:30]
[2026-08-06 08:58:59] [DRY] Would move: C:\Users\labuser\AppData\Local\Temp\_CleanupBackup\2026-08-06_08-58-52\bb52bd669e704a54bd61d400b8d3f47a.txt  [1.9 KB, modified 2023-05-10 10:53:32]
[2026-08-06 08:58:59] [DRY] Would move: C:\Users\labuser\AppData\Local\Temp\_CleanupBackup\2026-08-06_08-58-52\bbeeb0c09fe742438d12613f81488504.ps1  [15.7 KB, modified 2023-05-10 10:53:30]
[2026-08-06 08:58:59] [DRY] Would move: C:\Users\labuser\AppData\Local\Temp\_CleanupBackup\2026-08-06_08-58-52\bdfb62ef1a6c49cb9d3b09c7fd52d092.config  [0.1 KB, modified 2023-05-10 10:53:32]
[2026-08-06 08:58:59] [DRY] Would move: C:\Users\labuser\AppData\Local\Temp\_CleanupBackup\2026-08-06_08-58-52\c509d0e0f5e042da989a30d1fe7b83e2.ignore  [0 KB, modified 2023-05-10 10:53:32]
[2026-08-06 08:58:59] [DRY] Would move: C:\Users\labuser\AppData\Local\Temp\_CleanupBackup\2026-08-06_08-58-52\cb8c872257f049f7b64f84c182b3b881.ses  [0.1 KB, modified 2026-08-06 08:39:30]
[2026-08-06 08:58:59] [DRY] Would move: C:\Users\labuser\AppData\Local\Temp\_CleanupBackup\2026-08-06_08-58-52\cc81663baa5642668c4ef785f76e073c.psm1  [13.8 KB, modified 2023-05-10 10:53:30]
[2026-08-06 08:58:59] [DRY] Would move: C:\Users\labuser\AppData\Local\Temp\_CleanupBackup\2026-08-06_08-58-52\cd6d550be0f64d7f9585ca2a5a968d23.log  [8.4 KB, modified 2026-08-03 08:20:30]
[2026-08-06 08:58:59] [DRY] Would move: C:\Users\labuser\AppData\Local\Temp\_CleanupBackup\2026-08-06_08-58-52\cf082a7fd76e460f86699d807d786b60.ps1  [14.8 KB, modified 2023-05-10 10:53:30]
[2026-08-06 08:58:59] [DRY] Would move: C:\Users\labuser\AppData\Local\Temp\_CleanupBackup\2026-08-06_08-58-52\d54d43183dce4f02a52f8ceb85bbec15.exe  [37.6 KB, modified 2023-05-10 10:53:32]
[2026-08-06 08:58:59] [DRY] Would move: C:\Users\labuser\AppData\Local\Temp\_CleanupBackup\2026-08-06_08-58-52\d64f5981f09b4f7ea274503706e912f8.zip  [4342 KB, modified 2026-08-03 07:52:45]
[2026-08-06 08:58:59] [DRY] Would move: C:\Users\labuser\AppData\Local\Temp\_CleanupBackup\2026-08-06_08-58-52\d6e082f48c0a44718dbd0c0d4c366aad.ps1  [21.7 KB, modified 2023-05-10 10:53:30]
[2026-08-06 08:58:59] [DRY] Would move: C:\Users\labuser\AppData\Local\Temp\_CleanupBackup\2026-08-06_08-58-52\d711f141b3234bcfad66e91a34f1b5f0.ps1  [18.8 KB, modified 2023-05-10 10:53:30]
[2026-08-06 08:58:59] [DRY] Would move: C:\Users\labuser\AppData\Local\Temp\_CleanupBackup\2026-08-06_08-58-52\dab0f7e5a45d45f581b5e08688929c4b.exe  [143.1 KB, modified 2023-05-10 10:53:32]
[2026-08-06 08:58:59] [DRY] Would move: C:\Users\labuser\AppData\Local\Temp\_CleanupBackup\2026-08-06_08-58-52\dddb2f06725b42c3ad9fe10ec0a36327.ps1  [18.5 KB, modified 2023-05-10 10:53:30]
[2026-08-06 08:58:59] [DRY] Would move: C:\Users\labuser\AppData\Local\Temp\_CleanupBackup\2026-08-06_08-58-52\def0535d55aa424297164d5ad2e1b5d1.ps1  [14.4 KB, modified 2023-05-10 10:53:30]
[2026-08-06 08:58:59] [DRY] Would move: C:\Users\labuser\AppData\Local\Temp\_CleanupBackup\2026-08-06_08-58-52\e4342889ee2746d39fbc851c06e218bc.exe  [143.1 KB, modified 2023-05-10 10:53:32]
[2026-08-06 08:58:59] [DRY] Would move: C:\Users\labuser\AppData\Local\Temp\_CleanupBackup\2026-08-06_08-58-52\e613420d895e411a97c7d1b4f0c73fa6.ignore  [0 KB, modified 2023-05-10 10:53:32]
[2026-08-06 08:58:59] [DRY] Would move: C:\Users\labuser\AppData\Local\Temp\_CleanupBackup\2026-08-06_08-58-52\e6e50982da39495bbace83d89913afd1.ps1  [18.6 KB, modified 2023-05-10 10:53:30]
[2026-08-06 08:58:59] [DRY] Would move: C:\Users\labuser\AppData\Local\Temp\_CleanupBackup\2026-08-06_08-58-52\e8fb36cfd1d54ec3bd145facc38fdffa.ps1  [15.7 KB, modified 2023-05-10 10:53:30]
[2026-08-06 08:58:59] [DRY] Would move: C:\Users\labuser\AppData\Local\Temp\_CleanupBackup\2026-08-06_08-58-52\ee0d1a6f9f0d4e9b87c7a7cea7a3ba3a.ignore  [0 KB, modified 2023-05-10 10:53:32]
[2026-08-06 08:58:59] [DRY] Would move: C:\Users\labuser\AppData\Local\Temp\_CleanupBackup\2026-08-06_08-58-52\f1aaa3c95e4d46619e7d5c48c68bd5d7.py  [0.2 KB, modified 2026-08-06 08:29:36]
[2026-08-06 08:58:59] [DRY] Would move: C:\Users\labuser\AppData\Local\Temp\_CleanupBackup\2026-08-06_08-58-52\f27c5c95fa7343cd80dafb78a2cb3fd2.dat  [0 KB, modified 2026-08-06 08:29:36]
[2026-08-06 08:58:59] [DRY] Would move: C:\Users\labuser\AppData\Local\Temp\_CleanupBackup\2026-08-06_08-58-52\f45b962fd74d4598a6e6582229baed47.exe  [143.1 KB, modified 2023-05-10 10:53:32]
[2026-08-06 08:58:59] [DRY] Would move: C:\Users\labuser\AppData\Local\Temp\_CleanupBackup\2026-08-06_08-58-52\f562a537060b481aa0bec50f4d3b6840.exe  [142.6 KB, modified 2023-05-10 10:53:32]
[2026-08-06 08:58:59] [DRY] Would move: C:\Users\labuser\AppData\Local\Temp\_CleanupBackup\2026-08-06_08-58-52\f9d78c0af147453e93037ab118297b69.ignore  [0 KB, modified 2023-05-10 10:53:32]
[2026-08-06 08:58:59] [DRY] Would move: C:\Users\labuser\AppData\Local\Temp\_CleanupBackup\2026-08-06_08-58-52\fb6f8e92fc5f4bc8a3e6e7bb9a4ee647.txt  [45.9 KB, modified 2023-05-10 10:53:30]
[2026-08-06 08:58:59] [DRY] Would move: C:\Users\labuser\AppData\Local\Temp\_CleanupBackup\2026-08-06_08-58-52\manifest.csv  [30 KB, modified 2026-08-06 08:58:55]
[2026-08-06 08:58:59] [INFO] --- Scanning: C:\Windows\Temp ---
[2026-08-06 08:58:59] [INFO] Files matching criteria: 0
[2026-08-06 08:58:59] [INFO] Summary - Found:116 Moved:0 DryRun:113 Locked:3 Errors:0
[2026-08-06 08:58:59] [INFO] === Cleanup complete ===
