[2026-08-06 08:49:23] [INFO] =================================================================
[2026-08-06 08:49:23] [INFO] DWP Temp Cleanup - Session: 2026-08-06_08-49-23
[2026-08-06 08:49:23] [INFO] Mode       : LIVE
[2026-08-06 08:49:23] [INFO] Cutoff     : files older than 0 day(s) (before 2026-08-06 08:49:23)
[2026-08-06 08:49:23] [INFO] Targets    : C:\Users\labuser\AppData\Local\Temp, C:\Windows\Temp
[2026-08-06 08:49:23] [INFO] =================================================================
[2026-08-06 08:49:23] [INFO] --- Scanning: C:\Users\labuser\AppData\Local\Temp ---
[2026-08-06 08:49:24] [INFO] Files matching criteria: 111
[2026-08-06 08:49:24] [INFO] Moved: C:\Users\labuser\AppData\Local\Temp\2\.ses -> C:\Users\labuser\AppData\Local\Temp\_CleanupBackup\2026-08-06_08-49-23\8fb4ac135bca46f5903a95c90320e840.ses
[2026-08-06 08:49:24] [WARN] Locked, skipped: C:\Users\labuser\AppData\Local\Temp\2\41633f49-db4a-4649-819d-b073e4db82ab.tmp
[2026-08-06 08:49:24] [WARN] Locked, skipped: C:\Users\labuser\AppData\Local\Temp\2\53f83266-e523-4538-9e1d-6b6bf0f8a9b0.tmp
[2026-08-06 08:49:24] [INFO] Moved: C:\Users\labuser\AppData\Local\Temp\2\cv_debug.log -> C:\Users\labuser\AppData\Local\Temp\_CleanupBackup\2026-08-06_08-49-23\2a11f2a546a444cab92af4e5169f7937.log
[2026-08-06 08:49:24] [WARN] Locked, skipped: C:\Users\labuser\AppData\Local\Temp\2\f2ebec0d-a23c-4599-a097-fb87d36cee5f.tmp
[2026-08-06 08:49:24] [INFO] Moved: C:\Users\labuser\AppData\Local\Temp\2\gen_py\3.9\dicts.dat -> C:\Users\labuser\AppData\Local\Temp\_CleanupBackup\2026-08-06_08-49-23\5593c25fe05d41e88808e108d73fc1c7.dat
[2026-08-06 08:49:24] [INFO] Moved: C:\Users\labuser\AppData\Local\Temp\2\gen_py\3.9\__init__.py -> C:\Users\labuser\AppData\Local\Temp\_CleanupBackup\2026-08-06_08-49-23\601e7489442b49f6b29fdbc8a023cc5a.py
[2026-08-06 08:49:24] [INFO] Moved: C:\Users\labuser\AppData\Local\Temp\_CleanupBackup\2026-08-05_12-21-16\006b9d8e5d4949f0a9668bfc2003d3c0.ignore -> C:\Users\labuser\AppData\Local\Temp\_CleanupBackup\2026-08-06_08-49-23\09b55a5fcaf54b1cbd29369630d4f475.ignore
[2026-08-06 08:49:24] [INFO] Moved: C:\Users\labuser\AppData\Local\Temp\_CleanupBackup\2026-08-05_12-21-16\00cedac59b524c09bdefefe9b9ccd706.exe -> C:\Users\labuser\AppData\Local\Temp\_CleanupBackup\2026-08-06_08-49-23\b3ed741ce652463682b667d4777e2f3e.exe
[2026-08-06 08:49:24] [INFO] Moved: C:\Users\labuser\AppData\Local\Temp\_CleanupBackup\2026-08-05_12-21-16\06e8a98a37cb436b97b57ba54d444b29.config -> C:\Users\labuser\AppData\Local\Temp\_CleanupBackup\2026-08-06_08-49-23\33c018415b36435792d2561c26bd6371.config
[2026-08-06 08:49:24] [INFO] Moved: C:\Users\labuser\AppData\Local\Temp\_CleanupBackup\2026-08-05_12-21-16\0aee40a77a064ffbbb2feb4885147656.cmd -> C:\Users\labuser\AppData\Local\Temp\_CleanupBackup\2026-08-06_08-49-23\d1c9c8353062401da8990dd01bcad4fc.cmd
[2026-08-06 08:49:24] [INFO] Moved: C:\Users\labuser\AppData\Local\Temp\_CleanupBackup\2026-08-05_12-21-16\103ca92ba867464c9eccaf11647003f0.ps1 -> C:\Users\labuser\AppData\Local\Temp\_CleanupBackup\2026-08-06_08-49-23\4265ad2ec2ef484b825ae4eac4c2bfe7.ps1
[2026-08-06 08:49:24] [INFO] Moved: C:\Users\labuser\AppData\Local\Temp\_CleanupBackup\2026-08-05_12-21-16\1093e9544f2242ac90f0c3509f5cee9a.ps1 -> C:\Users\labuser\AppData\Local\Temp\_CleanupBackup\2026-08-06_08-49-23\dada85f2b1494c7083920077f95e3c54.ps1
[2026-08-06 08:49:24] [INFO] Moved: C:\Users\labuser\AppData\Local\Temp\_CleanupBackup\2026-08-05_12-21-16\12c9b4c2278d4d5f8b7a3a2c6d9ade9a.psm1 -> C:\Users\labuser\AppData\Local\Temp\_CleanupBackup\2026-08-06_08-49-23\f618a70e6f3f4ab6b9c772e06f7ba940.psm1
[2026-08-06 08:49:36] [INFO] Moved: C:\Users\labuser\AppData\Local\Temp\_CleanupBackup\2026-08-05_12-21-16\1a13fda87fd646c6b47792ccb6f313cf.exe -> C:\Users\labuser\AppData\Local\Temp\_CleanupBackup\2026-08-06_08-49-23\08966a81c44b4a8f98c3325162ec705a.exe
[2026-08-06 08:51:29] [INFO] Moved: C:\Users\labuser\AppData\Local\Temp\_CleanupBackup\2026-08-05_12-21-16\1b5889fa435d43899c2ab8d376edab86.psmdcp -> C:\Users\labuser\AppData\Local\Temp\_CleanupBackup\2026-08-06_08-49-23\0fc1b39a9b3a4c78a2a9db9ca46204a9.psmdcp
[2026-08-06 08:51:29] [INFO] Moved: C:\Users\labuser\AppData\Local\Temp\_CleanupBackup\2026-08-05_12-21-16\1b75a411e63e48fbb68b4463c3efd938.xml -> C:\Users\labuser\AppData\Local\Temp\_CleanupBackup\2026-08-06_08-49-23\aefefe7887064635807705dc9d9f41d5.xml
[2026-08-06 08:51:30] [INFO] Moved: C:\Users\labuser\AppData\Local\Temp\_CleanupBackup\2026-08-05_12-21-16\1d4f1c0dcbf143dda2c81596414afad6.ps1 -> C:\Users\labuser\AppData\Local\Temp\_CleanupBackup\2026-08-06_08-49-23\4f28db8d7d3f4c5baf773147c7029bbe.ps1
[2026-08-06 08:51:30] [INFO] Moved: C:\Users\labuser\AppData\Local\Temp\_CleanupBackup\2026-08-05_12-21-16\1da679e7b3ef48b2bf0ff4ad508e7576.log -> C:\Users\labuser\AppData\Local\Temp\_CleanupBackup\2026-08-06_08-49-23\f19f280de4094af1bdb6fd982a784fdf.log
[2026-08-06 08:51:39] [INFO] Moved: C:\Users\labuser\AppData\Local\Temp\_CleanupBackup\2026-08-05_12-21-16\2317d205f09d413282ba2fff09c8ff94.exe -> C:\Users\labuser\AppData\Local\Temp\_CleanupBackup\2026-08-06_08-49-23\4f5da08fd6134439a96d0a111f5c5bec.exe
[2026-08-06 08:51:39] [INFO] Moved: C:\Users\labuser\AppData\Local\Temp\_CleanupBackup\2026-08-05_12-21-16\234d2e5c6a97489288464729d5fa1606.exe -> C:\Users\labuser\AppData\Local\Temp\_CleanupBackup\2026-08-06_08-49-23\96c21236e1204991827b9a20a67c4ffc.exe
[2026-08-06 08:51:39] [INFO] Moved: C:\Users\labuser\AppData\Local\Temp\_CleanupBackup\2026-08-05_12-21-16\2372d0bffa14482594faca675c0d7863.ses -> C:\Users\labuser\AppData\Local\Temp\_CleanupBackup\2026-08-06_08-49-23\ddf12854acae4ebbadc5fd1182eb81ce.ses
[2026-08-06 08:51:39] [INFO] Moved: C:\Users\labuser\AppData\Local\Temp\_CleanupBackup\2026-08-05_12-21-16\250f23ec0f7e4f278fbfbee9cf9c3dd6.ps1 -> C:\Users\labuser\AppData\Local\Temp\_CleanupBackup\2026-08-06_08-49-23\19bff60150194e82b2a1a071e1ee9446.ps1
[2026-08-06 08:51:40] [INFO] Moved: C:\Users\labuser\AppData\Local\Temp\_CleanupBackup\2026-08-05_12-21-16\25c510df0996403caddbab4a7a8d52ba.ps1 -> C:\Users\labuser\AppData\Local\Temp\_CleanupBackup\2026-08-06_08-49-23\7519bd65c04045ffbec2cf5886af447d.ps1
[2026-08-06 08:51:40] [INFO] Moved: C:\Users\labuser\AppData\Local\Temp\_CleanupBackup\2026-08-05_12-21-16\25eb763c8e53440b81fd6780e7cd976c.exe -> C:\Users\labuser\AppData\Local\Temp\_CleanupBackup\2026-08-06_08-49-23\37db2707a480466b8b8d6d3bc1619ca9.exe
[2026-08-06 08:51:40] [INFO] Moved: C:\Users\labuser\AppData\Local\Temp\_CleanupBackup\2026-08-05_12-21-16\26333c10763d4c1291e6db93280f6116.ps1 -> C:\Users\labuser\AppData\Local\Temp\_CleanupBackup\2026-08-06_08-49-23\2e4f25a7ecc744988a9c0909dcab4124.ps1
[2026-08-06 08:51:40] [INFO] Moved: C:\Users\labuser\AppData\Local\Temp\_CleanupBackup\2026-08-05_12-21-16\2639c6ad3a794db4bfbe94ad9fafe758.ps1 -> C:\Users\labuser\AppData\Local\Temp\_CleanupBackup\2026-08-06_08-49-23\47846fa598184945a4cc3215d00af9e5.ps1
[2026-08-06 08:51:40] [INFO] Moved: C:\Users\labuser\AppData\Local\Temp\_CleanupBackup\2026-08-05_12-21-16\2f7776f65ecd4ec89be9cb1087592692.py -> C:\Users\labuser\AppData\Local\Temp\_CleanupBackup\2026-08-06_08-49-23\d75fa77f87f34f85b1167a126ad67be8.py
[2026-08-06 08:51:40] [INFO] Moved: C:\Users\labuser\AppData\Local\Temp\_CleanupBackup\2026-08-05_12-21-16\31d678b9b54541aca41172819fb21e43.ps1 -> C:\Users\labuser\AppData\Local\Temp\_CleanupBackup\2026-08-06_08-49-23\2cd1dc40edc7441980e20991c5c56b90.ps1
[2026-08-06 08:51:40] [INFO] Moved: C:\Users\labuser\AppData\Local\Temp\_CleanupBackup\2026-08-05_12-21-16\373e1d1de5414a4ea2a6b63e74e80567.txt -> C:\Users\labuser\AppData\Local\Temp\_CleanupBackup\2026-08-06_08-49-23\3f88561f4e734de0b23f8aaa25ee21cb.txt
[2026-08-06 08:51:40] [INFO] Moved: C:\Users\labuser\AppData\Local\Temp\_CleanupBackup\2026-08-05_12-21-16\37cbf45ea92946adbd544acc0c2ef3c4.ps1 -> C:\Users\labuser\AppData\Local\Temp\_CleanupBackup\2026-08-06_08-49-23\ff428f07a0c74fa99cba19e725846e19.ps1
[2026-08-06 08:51:40] [INFO] Moved: C:\Users\labuser\AppData\Local\Temp\_CleanupBackup\2026-08-05_12-21-16\3c56fe7e06a046c18e40713c5bda2a59.manifest -> C:\Users\labuser\AppData\Local\Temp\_CleanupBackup\2026-08-06_08-49-23\e53f8410ba5241f5ab812dcf26d78e92.manifest
[2026-08-06 08:51:40] [INFO] Moved: C:\Users\labuser\AppData\Local\Temp\_CleanupBackup\2026-08-05_12-21-16\3f881c257fb840b5bd99e0e2ae68aec1.log -> C:\Users\labuser\AppData\Local\Temp\_CleanupBackup\2026-08-06_08-49-23\198bac3f09234b7a8d42669934257114.log
[2026-08-06 08:51:40] [INFO] Moved: C:\Users\labuser\AppData\Local\Temp\_CleanupBackup\2026-08-05_12-21-16\3fbdf172a3904b118b3481879b53d301.rels -> C:\Users\labuser\AppData\Local\Temp\_CleanupBackup\2026-08-06_08-49-23\0f054de30b784f3491212a27b86e2ef9.rels
[2026-08-06 08:51:40] [INFO] Moved: C:\Users\labuser\AppData\Local\Temp\_CleanupBackup\2026-08-05_12-21-16\40ea1b4ca7bb45a382e826950f5115a0.ps1 -> C:\Users\labuser\AppData\Local\Temp\_CleanupBackup\2026-08-06_08-49-23\26fcb692b974457b800e9c4fd52c682f.ps1
[2026-08-06 08:51:41] [INFO] Moved: C:\Users\labuser\AppData\Local\Temp\_CleanupBackup\2026-08-05_12-21-16\415c2a81657c4b9ab754a0cd56f73719.ps1 -> C:\Users\labuser\AppData\Local\Temp\_CleanupBackup\2026-08-06_08-49-23\5a982541c35047df93c05b498a07161d.ps1
[2026-08-06 08:51:41] [INFO] Moved: C:\Users\labuser\AppData\Local\Temp\_CleanupBackup\2026-08-05_12-21-16\4196cbcaa4da47d58d692957dc180d72.csv -> C:\Users\labuser\AppData\Local\Temp\_CleanupBackup\2026-08-06_08-49-23\1f1cb9ae76dc4344a2ad81d42483e838.csv
[2026-08-06 08:51:41] [INFO] Moved: C:\Users\labuser\AppData\Local\Temp\_CleanupBackup\2026-08-05_12-21-16\43dc52840d4d42049e089754f6b0ffb8.txt -> C:\Users\labuser\AppData\Local\Temp\_CleanupBackup\2026-08-06_08-49-23\1e38719e002a49e5862727f49c2c46c5.txt
[2026-08-06 08:51:41] [INFO] Moved: C:\Users\labuser\AppData\Local\Temp\_CleanupBackup\2026-08-05_12-21-16\46c39fcfb8f9472c9ac9a9a279a2769e.exe -> C:\Users\labuser\AppData\Local\Temp\_CleanupBackup\2026-08-06_08-49-23\918caf4fcdeb40fca3e51263e1ed285d.exe
[2026-08-06 08:51:41] [INFO] Moved: C:\Users\labuser\AppData\Local\Temp\_CleanupBackup\2026-08-05_12-21-16\4deb9c759f3b4aed95c3a0ad7b667f91.ps1 -> C:\Users\labuser\AppData\Local\Temp\_CleanupBackup\2026-08-06_08-49-23\aa92e75bd9bf429494e87853298ea818.ps1
[2026-08-06 08:51:41] [INFO] Moved: C:\Users\labuser\AppData\Local\Temp\_CleanupBackup\2026-08-05_12-21-16\4efc3b9e425b495194e9cf2ec5bdc886.exe -> C:\Users\labuser\AppData\Local\Temp\_CleanupBackup\2026-08-06_08-49-23\3fa188f1905e4fe6b74e31f7878d186d.exe
[2026-08-06 08:51:41] [INFO] Moved: C:\Users\labuser\AppData\Local\Temp\_CleanupBackup\2026-08-05_12-21-16\5158c4f8aa4c4a43a85b70f6306b72d6.ps1 -> C:\Users\labuser\AppData\Local\Temp\_CleanupBackup\2026-08-06_08-49-23\b411a207192a47abbd4e525c32801f68.ps1
[2026-08-06 08:51:41] [INFO] Moved: C:\Users\labuser\AppData\Local\Temp\_CleanupBackup\2026-08-05_12-21-16\5711878186f045cbac7399bd2f009c6f.ps1 -> C:\Users\labuser\AppData\Local\Temp\_CleanupBackup\2026-08-06_08-49-23\86e10238244e4e3fb64cab4a6ba8013c.ps1
[2026-08-06 08:51:41] [INFO] Moved: C:\Users\labuser\AppData\Local\Temp\_CleanupBackup\2026-08-05_12-21-16\57ade765d81441de87ddadcca7b5104f.log -> C:\Users\labuser\AppData\Local\Temp\_CleanupBackup\2026-08-06_08-49-23\b19a5b1a9f4e4182af5c651e65d9a7d1.log
[2026-08-06 08:51:41] [INFO] Moved: C:\Users\labuser\AppData\Local\Temp\_CleanupBackup\2026-08-05_12-21-16\5a83f297c2be4a699c5d5f56045fb462.ignore -> C:\Users\labuser\AppData\Local\Temp\_CleanupBackup\2026-08-06_08-49-23\bff29b0b48be472d8264c3e3e78cbff2.ignore
[2026-08-06 08:51:41] [INFO] Moved: C:\Users\labuser\AppData\Local\Temp\_CleanupBackup\2026-08-05_12-21-16\5be456b6b7bd4858a281d417d37b72c7.exe -> C:\Users\labuser\AppData\Local\Temp\_CleanupBackup\2026-08-06_08-49-23\72501bddf91d4b0b9282900fc23500f7.exe
[2026-08-06 08:51:42] [INFO] Moved: C:\Users\labuser\AppData\Local\Temp\_CleanupBackup\2026-08-05_12-21-16\5d813a969e4e455cbe269cd5f70605f7.ignore -> C:\Users\labuser\AppData\Local\Temp\_CleanupBackup\2026-08-06_08-49-23\f935846791924fe8af20d1b2f6566d87.ignore
[2026-08-06 08:51:42] [INFO] Moved: C:\Users\labuser\AppData\Local\Temp\_CleanupBackup\2026-08-05_12-21-16\69676958e2bd4805903b5bfb75e61cf2.zip -> C:\Users\labuser\AppData\Local\Temp\_CleanupBackup\2026-08-06_08-49-23\c21f526adcca46e0b9a82937f09a055d.zip
[2026-08-06 08:51:42] [INFO] Moved: C:\Users\labuser\AppData\Local\Temp\_CleanupBackup\2026-08-05_12-21-16\6c2c96c121d54ded8490d6f8505f9969.psm1 -> C:\Users\labuser\AppData\Local\Temp\_CleanupBackup\2026-08-06_08-49-23\2331e5ed1fa24b429a3f5ab42684263e.psm1
[2026-08-06 08:51:42] [INFO] Moved: C:\Users\labuser\AppData\Local\Temp\_CleanupBackup\2026-08-05_12-21-16\6d3822ad1f1c472f84b51a4ed183289b.ps1 -> C:\Users\labuser\AppData\Local\Temp\_CleanupBackup\2026-08-06_08-49-23\cfe4233558574c1fa0943937000133de.ps1
[2026-08-06 08:51:42] [INFO] Moved: C:\Users\labuser\AppData\Local\Temp\_CleanupBackup\2026-08-05_12-21-16\70d53dcad36a4a838d86be3a68ddf7de.ps1 -> C:\Users\labuser\AppData\Local\Temp\_CleanupBackup\2026-08-06_08-49-23\6a3929b4fd3d4322923b6a3c93c4d08d.ps1
[2026-08-06 08:51:42] [INFO] Moved: C:\Users\labuser\AppData\Local\Temp\_CleanupBackup\2026-08-05_12-21-16\75c0dc544cff463c820789c5897f40da.ps1 -> C:\Users\labuser\AppData\Local\Temp\_CleanupBackup\2026-08-06_08-49-23\0a4d1c8f011c401b9ef99d585c2df84d.ps1
[2026-08-06 08:51:42] [INFO] Moved: C:\Users\labuser\AppData\Local\Temp\_CleanupBackup\2026-08-05_12-21-16\7cf0a72b34094560a45a0c8c82264864.dll -> C:\Users\labuser\AppData\Local\Temp\_CleanupBackup\2026-08-06_08-49-23\c6f8a7a1bc7647d0aac7bc0501596d67.dll
[2026-08-06 08:51:42] [INFO] Moved: C:\Users\labuser\AppData\Local\Temp\_CleanupBackup\2026-08-05_12-21-16\7f372a366cb1427e902627d86caf1771.ps1 -> C:\Users\labuser\AppData\Local\Temp\_CleanupBackup\2026-08-06_08-49-23\adc5cf6d71234b3f859e44948a482159.ps1
[2026-08-06 08:51:42] [INFO] Moved: C:\Users\labuser\AppData\Local\Temp\_CleanupBackup\2026-08-05_12-21-16\8018767bd8d74a95b8e88aa254ec7677.exe -> C:\Users\labuser\AppData\Local\Temp\_CleanupBackup\2026-08-06_08-49-23\a227e5c16e7842f7961bd36621b89b37.exe
[2026-08-06 08:51:42] [INFO] Moved: C:\Users\labuser\AppData\Local\Temp\_CleanupBackup\2026-08-05_12-21-16\81f7a0e97394462ea7d33a623509e28b.ignore -> C:\Users\labuser\AppData\Local\Temp\_CleanupBackup\2026-08-06_08-49-23\282bed63e6cb484abce612b7d6b1ffb5.ignore
[2026-08-06 08:51:42] [INFO] Moved: C:\Users\labuser\AppData\Local\Temp\_CleanupBackup\2026-08-05_12-21-16\8407e446e1eb4309b4ed1282f43b96b1.ps1 -> C:\Users\labuser\AppData\Local\Temp\_CleanupBackup\2026-08-06_08-49-23\64958d1c91dc4a2b8513f2d6deaa2321.ps1
[2026-08-06 08:51:42] [INFO] Moved: C:\Users\labuser\AppData\Local\Temp\_CleanupBackup\2026-08-05_12-21-16\860c5b92c96c40f49f4c603a8dba680b.ps1 -> C:\Users\labuser\AppData\Local\Temp\_CleanupBackup\2026-08-06_08-49-23\f1ece7abb1f646f5a06421c42aa1a109.ps1
[2026-08-06 08:51:42] [INFO] Moved: C:\Users\labuser\AppData\Local\Temp\_CleanupBackup\2026-08-05_12-21-16\8fc278ade43144829b037e8180d61cc6.zip -> C:\Users\labuser\AppData\Local\Temp\_CleanupBackup\2026-08-06_08-49-23\41a19c2bf52e4338b38b38878573a18d.zip
[2026-08-06 08:51:43] [INFO] Moved: C:\Users\labuser\AppData\Local\Temp\_CleanupBackup\2026-08-05_12-21-16\8fcc8fd9b0c845feacb2def61643f39d.ps1 -> C:\Users\labuser\AppData\Local\Temp\_CleanupBackup\2026-08-06_08-49-23\d9c0928406774d59802ba1e457eae802.ps1
[2026-08-06 08:51:43] [INFO] Moved: C:\Users\labuser\AppData\Local\Temp\_CleanupBackup\2026-08-05_12-21-16\901cfc807a7940a7b6443e0a1c532ad5.ignore -> C:\Users\labuser\AppData\Local\Temp\_CleanupBackup\2026-08-06_08-49-23\7250cbc1473742f8af379826910d8216.ignore
[2026-08-06 08:51:43] [INFO] Moved: C:\Users\labuser\AppData\Local\Temp\_CleanupBackup\2026-08-05_12-21-16\95ea721b6de94e2f9228cdadb465f4d7.csv -> C:\Users\labuser\AppData\Local\Temp\_CleanupBackup\2026-08-06_08-49-23\263585f79ae741dea502b6957aa8cce9.csv
[2026-08-06 08:51:43] [INFO] Moved: C:\Users\labuser\AppData\Local\Temp\_CleanupBackup\2026-08-05_12-21-16\98ca976876cd48c8ad188340bebdd985.ps1 -> C:\Users\labuser\AppData\Local\Temp\_CleanupBackup\2026-08-06_08-49-23\67dc09e999bd47f5a4c40c596b8c759e.ps1
[2026-08-06 08:51:43] [INFO] Moved: C:\Users\labuser\AppData\Local\Temp\_CleanupBackup\2026-08-05_12-21-16\9d7d49b75a7d422a9bdbd03d5dec42b6.ignore -> C:\Users\labuser\AppData\Local\Temp\_CleanupBackup\2026-08-06_08-49-23\c8e0a7d578f947089a51ca0c3eef0680.ignore
[2026-08-06 08:51:43] [INFO] Moved: C:\Users\labuser\AppData\Local\Temp\_CleanupBackup\2026-08-05_12-21-16\a0881402fd1046b2bc5ce3dd418afd0b.ps1 -> C:\Users\labuser\AppData\Local\Temp\_CleanupBackup\2026-08-06_08-49-23\b90cffff73814605a527256d50fdc556.ps1
[2026-08-06 08:51:43] [INFO] Moved: C:\Users\labuser\AppData\Local\Temp\_CleanupBackup\2026-08-05_12-21-16\a20098949cb242ef9f76393ccba5c5b9.ps1 -> C:\Users\labuser\AppData\Local\Temp\_CleanupBackup\2026-08-06_08-49-23\73e21fe0d6014e93a9a58b8210bc9bf8.ps1
[2026-08-06 08:51:43] [INFO] Moved: C:\Users\labuser\AppData\Local\Temp\_CleanupBackup\2026-08-05_12-21-16\a24d921a0468452fa3a52f109c182649.csv -> C:\Users\labuser\AppData\Local\Temp\_CleanupBackup\2026-08-06_08-49-23\080fc579204f41128abac5a91cf232fd.csv
[2026-08-06 08:51:43] [INFO] Moved: C:\Users\labuser\AppData\Local\Temp\_CleanupBackup\2026-08-05_12-21-16\a2658cac87b84cec8258378e6275ef45.exe -> C:\Users\labuser\AppData\Local\Temp\_CleanupBackup\2026-08-06_08-49-23\d03df5a361ed4d0dbe0960b2b911e9d3.exe
[2026-08-06 08:51:43] [INFO] Moved: C:\Users\labuser\AppData\Local\Temp\_CleanupBackup\2026-08-05_12-21-16\a46a7dfd01664bf7b6b3c2d462e6de30.ps1 -> C:\Users\labuser\AppData\Local\Temp\_CleanupBackup\2026-08-06_08-49-23\02676340781441f1a926516b4b57f95b.ps1
[2026-08-06 08:51:43] [INFO] Moved: C:\Users\labuser\AppData\Local\Temp\_CleanupBackup\2026-08-05_12-21-16\a690a63057a54ab2b624f172e4e9cced.ps1 -> C:\Users\labuser\AppData\Local\Temp\_CleanupBackup\2026-08-06_08-49-23\23615e9bfe6a423b991fbfc14bf41573.ps1
[2026-08-06 08:51:43] [INFO] Moved: C:\Users\labuser\AppData\Local\Temp\_CleanupBackup\2026-08-05_12-21-16\a77f28ccd19d475ca5c4fece5e2ac321.ps1 -> C:\Users\labuser\AppData\Local\Temp\_CleanupBackup\2026-08-06_08-49-23\34906db8dc6e4348a38998076efe1554.ps1
[2026-08-06 08:51:43] [INFO] Moved: C:\Users\labuser\AppData\Local\Temp\_CleanupBackup\2026-08-05_12-21-16\a9167ff05e864b5da1fea339df7b828a.ps1 -> C:\Users\labuser\AppData\Local\Temp\_CleanupBackup\2026-08-06_08-49-23\bbbde2d8d5084ab9840bfa2d19fc3a2e.ps1
[2026-08-06 08:51:43] [INFO] Moved: C:\Users\labuser\AppData\Local\Temp\_CleanupBackup\2026-08-05_12-21-16\a9980ea6519d4cc286f4cf3a8c3dea96.ignore -> C:\Users\labuser\AppData\Local\Temp\_CleanupBackup\2026-08-06_08-49-23\4fd01defbee64d96aac551848cd6c9b0.ignore
[2026-08-06 08:51:43] [INFO] Moved: C:\Users\labuser\AppData\Local\Temp\_CleanupBackup\2026-08-05_12-21-16\abd867419c694897b3dca40bf4bd0392.ps1 -> C:\Users\labuser\AppData\Local\Temp\_CleanupBackup\2026-08-06_08-49-23\e05ae8ec311c4b7ba0ed591a002d04ab.ps1
[2026-08-06 08:51:43] [INFO] Moved: C:\Users\labuser\AppData\Local\Temp\_CleanupBackup\2026-08-05_12-21-16\ae6be5e76ddf4600806cda21eb1522bf.manifest -> C:\Users\labuser\AppData\Local\Temp\_CleanupBackup\2026-08-06_08-49-23\8acd5e1453e642368b2e2ee8bcfd2374.manifest
[2026-08-06 08:51:44] [INFO] Moved: C:\Users\labuser\AppData\Local\Temp\_CleanupBackup\2026-08-05_12-21-16\b432d2d913674b78ab06878687c11501.exe -> C:\Users\labuser\AppData\Local\Temp\_CleanupBackup\2026-08-06_08-49-23\74447187685443f594a3188e26552127.exe
[2026-08-06 08:51:44] [INFO] Moved: C:\Users\labuser\AppData\Local\Temp\_CleanupBackup\2026-08-05_12-21-16\b5451ad7784e4bd09c41ab5f5026cbdf.ps1 -> C:\Users\labuser\AppData\Local\Temp\_CleanupBackup\2026-08-06_08-49-23\c6a93036f80a498596f32c30725dde06.ps1
[2026-08-06 08:51:44] [INFO] Moved: C:\Users\labuser\AppData\Local\Temp\_CleanupBackup\2026-08-05_12-21-16\b7121784fcc84194ac22e9ac59612a14.json -> C:\Users\labuser\AppData\Local\Temp\_CleanupBackup\2026-08-06_08-49-23\fcd7de9af4234d30b099783a18157264.json
[2026-08-06 08:51:44] [INFO] Moved: C:\Users\labuser\AppData\Local\Temp\_CleanupBackup\2026-08-05_12-21-16\b9d967f6deff4404831fc9442fc03346.ps1 -> C:\Users\labuser\AppData\Local\Temp\_CleanupBackup\2026-08-06_08-49-23\ef115ed282194f53b7dfd551f1bb03b8.ps1
[2026-08-06 08:51:44] [INFO] Moved: C:\Users\labuser\AppData\Local\Temp\_CleanupBackup\2026-08-05_12-21-16\bb75291bf4e948e6af6d5d887d9e3c4d.ps1 -> C:\Users\labuser\AppData\Local\Temp\_CleanupBackup\2026-08-06_08-49-23\a5addaebf1f24921a71106f6d819813d.ps1
[2026-08-06 08:51:44] [INFO] Moved: C:\Users\labuser\AppData\Local\Temp\_CleanupBackup\2026-08-05_12-21-16\bc9a22678085461c9ef26adda62fd608.exe -> C:\Users\labuser\AppData\Local\Temp\_CleanupBackup\2026-08-06_08-49-23\e69d1f89b2fa4caebfdfe6ee7d321693.exe
[2026-08-06 08:51:44] [INFO] Moved: C:\Users\labuser\AppData\Local\Temp\_CleanupBackup\2026-08-05_12-21-16\be041cad42bd4f78b5737f1f48297f09.ses -> C:\Users\labuser\AppData\Local\Temp\_CleanupBackup\2026-08-06_08-49-23\884d98f6d2ab48c0af532c21b605419c.ses
[2026-08-06 08:51:44] [INFO] Moved: C:\Users\labuser\AppData\Local\Temp\_CleanupBackup\2026-08-05_12-21-16\bf0216fe2d414e098426bbd425a1c2ee.txt -> C:\Users\labuser\AppData\Local\Temp\_CleanupBackup\2026-08-06_08-49-23\26a0316549f44b289dc6943a5206f018.txt
[2026-08-06 08:51:44] [INFO] Moved: C:\Users\labuser\AppData\Local\Temp\_CleanupBackup\2026-08-05_12-21-16\bf09796a36f7482ebbc0542f3353e4b0.txt -> C:\Users\labuser\AppData\Local\Temp\_CleanupBackup\2026-08-06_08-49-23\dddc797513a247bc97bac9b66f3ad46f.txt
[2026-08-06 08:51:44] [INFO] Moved: C:\Users\labuser\AppData\Local\Temp\_CleanupBackup\2026-08-05_12-21-16\c0cefece6c8941b4bd387c10fc224d01.ignore -> C:\Users\labuser\AppData\Local\Temp\_CleanupBackup\2026-08-06_08-49-23\f7208d7e3f464bf6bbe7f78a560757db.ignore
[2026-08-06 08:51:44] [INFO] Moved: C:\Users\labuser\AppData\Local\Temp\_CleanupBackup\2026-08-05_12-21-16\c613e8f16fe2412298e246e917b1ee4e.ps1 -> C:\Users\labuser\AppData\Local\Temp\_CleanupBackup\2026-08-06_08-49-23\39152251ff0b4d65839f82e6d6684c53.ps1
[2026-08-06 08:51:44] [INFO] Moved: C:\Users\labuser\AppData\Local\Temp\_CleanupBackup\2026-08-05_12-21-16\c83400efc487433aa39fa83713908fb6.cmd -> C:\Users\labuser\AppData\Local\Temp\_CleanupBackup\2026-08-06_08-49-23\30bed7136eb84267adcaeba715143c44.cmd
[2026-08-06 08:51:44] [INFO] Moved: C:\Users\labuser\AppData\Local\Temp\_CleanupBackup\2026-08-05_12-21-16\c87d62973c9741498c6d57c7ed143ce2.log -> C:\Users\labuser\AppData\Local\Temp\_CleanupBackup\2026-08-06_08-49-23\3eb543ec52174275af958d1811b2eb13.log
[2026-08-06 08:51:44] [INFO] Moved: C:\Users\labuser\AppData\Local\Temp\_CleanupBackup\2026-08-05_12-21-16\c9080a86531d4daa86c8aff8e8cda72c.log -> C:\Users\labuser\AppData\Local\Temp\_CleanupBackup\2026-08-06_08-49-23\5d7531f8eedf402d8e8cd6248bc3d571.log
[2026-08-06 08:51:45] [INFO] Moved: C:\Users\labuser\AppData\Local\Temp\_CleanupBackup\2026-08-05_12-21-16\cc92947fad624c3196f8ec37592d8b70.ps1 -> C:\Users\labuser\AppData\Local\Temp\_CleanupBackup\2026-08-06_08-49-23\ab2ee6618c774ea88b5ea08f36dfd16f.ps1
[2026-08-06 08:51:45] [INFO] Moved: C:\Users\labuser\AppData\Local\Temp\_CleanupBackup\2026-08-05_12-21-16\ceed00654aa64f928c5adbbfa3e3198a.psm1 -> C:\Users\labuser\AppData\Local\Temp\_CleanupBackup\2026-08-06_08-49-23\b78b7e63785f4fc69e6f351830ac3f83.psm1
[2026-08-06 08:51:45] [INFO] Moved: C:\Users\labuser\AppData\Local\Temp\_CleanupBackup\2026-08-05_12-21-16\d0396a2cdd67466cae4deba308d0beaf.ps1 -> C:\Users\labuser\AppData\Local\Temp\_CleanupBackup\2026-08-06_08-49-23\a91eaa86bfdd462e8411dce9d4d3e8a0.ps1
[2026-08-06 08:51:45] [INFO] Moved: C:\Users\labuser\AppData\Local\Temp\_CleanupBackup\2026-08-05_12-21-16\d0eaff5152d44bf098a0edda5a773100.ps1 -> C:\Users\labuser\AppData\Local\Temp\_CleanupBackup\2026-08-06_08-49-23\816bb132073142ff90b3b7b42a308bf5.ps1
[2026-08-06 08:51:45] [INFO] Moved: C:\Users\labuser\AppData\Local\Temp\_CleanupBackup\2026-08-05_12-21-16\d28ae80f329143d28e7385a47c9ce6c1.manifest -> C:\Users\labuser\AppData\Local\Temp\_CleanupBackup\2026-08-06_08-49-23\684c40759d374d189a5e1da70a4cd087.manifest
[2026-08-06 08:51:45] [INFO] Moved: C:\Users\labuser\AppData\Local\Temp\_CleanupBackup\2026-08-05_12-21-16\d52bee7a0e724bb78852f164f935ee3d.ignore -> C:\Users\labuser\AppData\Local\Temp\_CleanupBackup\2026-08-06_08-49-23\b28049de830d491b842de54cf23cff40.ignore
[2026-08-06 08:51:45] [INFO] Moved: C:\Users\labuser\AppData\Local\Temp\_CleanupBackup\2026-08-05_12-21-16\d9bbb7c7d6f04303a32b2a215b9e1b9e.ps1 -> C:\Users\labuser\AppData\Local\Temp\_CleanupBackup\2026-08-06_08-49-23\95bd7b6b8b9244e99f89eed7fe74870e.ps1
[2026-08-06 08:51:45] [INFO] Moved: C:\Users\labuser\AppData\Local\Temp\_CleanupBackup\2026-08-05_12-21-16\da3ebf85a2cb488cb9e60b76db504950.ps1 -> C:\Users\labuser\AppData\Local\Temp\_CleanupBackup\2026-08-06_08-49-23\170c0577314f497ab5cedeeb37115c1d.ps1
[2026-08-06 08:51:45] [INFO] Moved: C:\Users\labuser\AppData\Local\Temp\_CleanupBackup\2026-08-05_12-21-16\db73c92b65ea45f88a24835500e218f3.ps1 -> C:\Users\labuser\AppData\Local\Temp\_CleanupBackup\2026-08-06_08-49-23\f73552857b64453b909ad0b5e7ff830e.ps1
[2026-08-06 08:51:45] [INFO] Moved: C:\Users\labuser\AppData\Local\Temp\_CleanupBackup\2026-08-05_12-21-16\dba3428b214f4127a4cfe28b0c8e9686.ps1 -> C:\Users\labuser\AppData\Local\Temp\_CleanupBackup\2026-08-06_08-49-23\5cdd8882ddf442a0a0d2cc866861ce7f.ps1
[2026-08-06 08:51:45] [INFO] Moved: C:\Users\labuser\AppData\Local\Temp\_CleanupBackup\2026-08-05_12-21-16\e094472f4e4543b7ae3d3427c53172c9.ignore -> C:\Users\labuser\AppData\Local\Temp\_CleanupBackup\2026-08-06_08-49-23\d8d2a7d7ebaa46d99228d52ba8b67c7f.ignore
[2026-08-06 08:51:45] [INFO] Moved: C:\Users\labuser\AppData\Local\Temp\_CleanupBackup\2026-08-05_12-21-16\e09aec298c0d428592743efcec0b9936.ignore -> C:\Users\labuser\AppData\Local\Temp\_CleanupBackup\2026-08-06_08-49-23\4a7c982c641e476f9b38ca20c6c988a3.ignore
[2026-08-06 08:51:45] [INFO] Moved: C:\Users\labuser\AppData\Local\Temp\_CleanupBackup\2026-08-05_12-21-16\e0fb87071e744b178449b487a4ee868a.ps1 -> C:\Users\labuser\AppData\Local\Temp\_CleanupBackup\2026-08-06_08-49-23\b21195a0e5534487b967f76f04f3346d.ps1
[2026-08-06 08:51:45] [INFO] Moved: C:\Users\labuser\AppData\Local\Temp\_CleanupBackup\2026-08-05_12-21-16\e22f75a1e6f34ed1a8859f966e95c251.txt -> C:\Users\labuser\AppData\Local\Temp\_CleanupBackup\2026-08-06_08-49-23\b35191b612504fd19a7ccff30b9dcc32.txt
[2026-08-06 08:51:45] [INFO] Moved: C:\Users\labuser\AppData\Local\Temp\_CleanupBackup\2026-08-05_12-21-16\e4b53ba373e045d8842c911951f201ca.txt -> C:\Users\labuser\AppData\Local\Temp\_CleanupBackup\2026-08-06_08-49-23\73a46418ae3f47a8831912e5ba833b45.txt
[2026-08-06 08:51:45] [INFO] Moved: C:\Users\labuser\AppData\Local\Temp\_CleanupBackup\2026-08-05_12-21-16\e572d18b97584b39a61cfc762a192165.ps1 -> C:\Users\labuser\AppData\Local\Temp\_CleanupBackup\2026-08-06_08-49-23\8f943e1530c54488bf9a520ba03aeba3.ps1
[2026-08-06 08:51:45] [INFO] Moved: C:\Users\labuser\AppData\Local\Temp\_CleanupBackup\2026-08-05_12-21-16\e5ef9980188a41d5a0e2d09d92046f2f.ps1 -> C:\Users\labuser\AppData\Local\Temp\_CleanupBackup\2026-08-06_08-49-23\54ff8e5afa904fca9fbb686276f81d11.ps1
[2026-08-06 08:51:45] [INFO] Moved: C:\Users\labuser\AppData\Local\Temp\_CleanupBackup\2026-08-05_12-21-16\e8461f5d0d3541f58079ce10398cb82e.dat -> C:\Users\labuser\AppData\Local\Temp\_CleanupBackup\2026-08-06_08-49-23\a11abcad6e1244a99bd30c39886eee89.dat
[2026-08-06 08:51:45] [INFO] Moved: C:\Users\labuser\AppData\Local\Temp\_CleanupBackup\2026-08-05_12-21-16\e949cee4200642f990093bb20aa7fc09.ps1 -> C:\Users\labuser\AppData\Local\Temp\_CleanupBackup\2026-08-06_08-49-23\8471aee9e15348158c8faf33ac07453a.ps1
[2026-08-06 08:51:45] [INFO] Moved: C:\Users\labuser\AppData\Local\Temp\_CleanupBackup\2026-08-05_12-21-16\fbf9c53e00634c61b9ada218b0a9835a.exe -> C:\Users\labuser\AppData\Local\Temp\_CleanupBackup\2026-08-06_08-49-23\5902c57f869440c2a6c54c76809f0f79.exe
[2026-08-06 08:51:46] [INFO] Moved: C:\Users\labuser\AppData\Local\Temp\_CleanupBackup\2026-08-05_12-21-16\fcca4950b33946b1a608b3bb38ba999e.nuspec -> C:\Users\labuser\AppData\Local\Temp\_CleanupBackup\2026-08-06_08-49-23\2c3b3fed2cb846b6b21f27a3297e1e24.nuspec
[2026-08-06 08:51:46] [INFO] Moved: C:\Users\labuser\AppData\Local\Temp\_CleanupBackup\2026-08-05_12-21-16\manifest.csv -> C:\Users\labuser\AppData\Local\Temp\_CleanupBackup\2026-08-06_08-49-23\4661051dccfe4bc6b371d51a0db39004.csv
[2026-08-06 08:51:46] [INFO] --- Scanning: C:\Windows\Temp ---
[2026-08-06 08:51:46] [INFO] Files matching criteria: 3
[2026-08-06 08:51:46] [INFO] Moved: C:\Windows\Temp\bb3a785178f443fda931098a5a9a306b.db.ses -> C:\Users\labuser\AppData\Local\Temp\_CleanupBackup\2026-08-06_08-49-23\a433af57eb074421bc93657eec16c1ca.ses
[2026-08-06 08:51:46] [INFO] Moved: C:\Windows\Temp\MpSigStub.log -> C:\Users\labuser\AppData\Local\Temp\_CleanupBackup\2026-08-06_08-49-23\4f82c6945adc4b5dbe14adcec76af924.log
[2026-08-06 08:51:46] [INFO] Moved: C:\Windows\Temp\silconfig.log -> C:\Users\labuser\AppData\Local\Temp\_CleanupBackup\2026-08-06_08-49-23\0233c29686924e718cf73a09110c8b3a.log
[2026-08-06 08:51:46] [INFO] Summary - Found:114 Moved:111 DryRun:0 Locked:3 Errors:0
[2026-08-06 08:51:46] [INFO] === Cleanup complete ===
