[2026-08-06 08:59:15] [INFO] === ROLLBACK MODE ===
[2026-08-06 08:59:15] [INFO] Restoring from session: 2026-08-06_08-58-52
[2026-08-06 08:59:15] [INFO] Restored: C:\Users\labuser\AppData\Local\Temp\_CleanupBackup\2026-08-06_08-49-23\0233c29686924e718cf73a09110c8b3a.log
[2026-08-06 08:59:15] [INFO] Restored: C:\Users\labuser\AppData\Local\Temp\_CleanupBackup\2026-08-06_08-49-23\02676340781441f1a926516b4b57f95b.ps1
[2026-08-06 08:59:15] [INFO] Restored: C:\Users\labuser\AppData\Local\Temp\_CleanupBackup\2026-08-06_08-49-23\080fc579204f41128abac5a91cf232fd.csv
[2026-08-06 08:59:15] [INFO] Restored: C:\Users\labuser\AppData\Local\Temp\_CleanupBackup\2026-08-06_08-49-23\08966a81c44b4a8f98c3325162ec705a.exe
[2026-08-06 08:59:15] [INFO] Restored: C:\Users\labuser\AppData\Local\Temp\_CleanupBackup\2026-08-06_08-49-23\09b55a5fcaf54b1cbd29369630d4f475.ignore
[2026-08-06 08:59:15] [INFO] Restored: C:\Users\labuser\AppData\Local\Temp\_CleanupBackup\2026-08-06_08-49-23\0a4d1c8f011c401b9ef99d585c2df84d.ps1
[2026-08-06 08:59:15] [INFO] Restored: C:\Users\labuser\AppData\Local\Temp\_CleanupBackup\2026-08-06_08-49-23\0f054de30b784f3491212a27b86e2ef9.rels
[2026-08-06 08:59:15] [INFO] Restored: C:\Users\labuser\AppData\Local\Temp\_CleanupBackup\2026-08-06_08-49-23\0fc1b39a9b3a4c78a2a9db9ca46204a9.psmdcp
[2026-08-06 08:59:15] [INFO] Restored: C:\Users\labuser\AppData\Local\Temp\_CleanupBackup\2026-08-06_08-49-23\170c0577314f497ab5cedeeb37115c1d.ps1
[2026-08-06 08:59:15] [INFO] Restored: C:\Users\labuser\AppData\Local\Temp\_CleanupBackup\2026-08-06_08-49-23\198bac3f09234b7a8d42669934257114.log
[2026-08-06 08:59:15] [INFO] Restored: C:\Users\labuser\AppData\Local\Temp\_CleanupBackup\2026-08-06_08-49-23\19bff60150194e82b2a1a071e1ee9446.ps1
[2026-08-06 08:59:15] [INFO] Restored: C:\Users\labuser\AppData\Local\Temp\_CleanupBackup\2026-08-06_08-49-23\1e38719e002a49e5862727f49c2c46c5.txt
[2026-08-06 08:59:15] [INFO] Restored: C:\Users\labuser\AppData\Local\Temp\_CleanupBackup\2026-08-06_08-49-23\1f1cb9ae76dc4344a2ad81d42483e838.csv
[2026-08-06 08:59:15] [INFO] Restored: C:\Users\labuser\AppData\Local\Temp\_CleanupBackup\2026-08-06_08-49-23\2331e5ed1fa24b429a3f5ab42684263e.psm1
[2026-08-06 08:59:15] [INFO] Restored: C:\Users\labuser\AppData\Local\Temp\_CleanupBackup\2026-08-06_08-49-23\23615e9bfe6a423b991fbfc14bf41573.ps1
[2026-08-06 08:59:15] [INFO] Restored: C:\Users\labuser\AppData\Local\Temp\_CleanupBackup\2026-08-06_08-49-23\263585f79ae741dea502b6957aa8cce9.csv
[2026-08-06 08:59:15] [INFO] Restored: C:\Users\labuser\AppData\Local\Temp\_CleanupBackup\2026-08-06_08-49-23\26a0316549f44b289dc6943a5206f018.txt
[2026-08-06 08:59:15] [INFO] Restored: C:\Users\labuser\AppData\Local\Temp\_CleanupBackup\2026-08-06_08-49-23\26fcb692b974457b800e9c4fd52c682f.ps1
[2026-08-06 08:59:15] [INFO] Restored: C:\Users\labuser\AppData\Local\Temp\_CleanupBackup\2026-08-06_08-49-23\282bed63e6cb484abce612b7d6b1ffb5.ignore
[2026-08-06 08:59:15] [INFO] Restored: C:\Users\labuser\AppData\Local\Temp\_CleanupBackup\2026-08-06_08-49-23\2a11f2a546a444cab92af4e5169f7937.log
[2026-08-06 08:59:15] [INFO] Restored: C:\Users\labuser\AppData\Local\Temp\_CleanupBackup\2026-08-06_08-49-23\2c3b3fed2cb846b6b21f27a3297e1e24.nuspec
[2026-08-06 08:59:15] [INFO] Restored: C:\Users\labuser\AppData\Local\Temp\_CleanupBackup\2026-08-06_08-49-23\2cd1dc40edc7441980e20991c5c56b90.ps1
[2026-08-06 08:59:15] [INFO] Restored: C:\Users\labuser\AppData\Local\Temp\_CleanupBackup\2026-08-06_08-49-23\2e4f25a7ecc744988a9c0909dcab4124.ps1
[2026-08-06 08:59:15] [INFO] Restored: C:\Users\labuser\AppData\Local\Temp\_CleanupBackup\2026-08-06_08-49-23\30bed7136eb84267adcaeba715143c44.cmd
[2026-08-06 08:59:15] [INFO] Restored: C:\Users\labuser\AppData\Local\Temp\_CleanupBackup\2026-08-06_08-49-23\33c018415b36435792d2561c26bd6371.config
[2026-08-06 08:59:15] [INFO] Restored: C:\Users\labuser\AppData\Local\Temp\_CleanupBackup\2026-08-06_08-49-23\34906db8dc6e4348a38998076efe1554.ps1
[2026-08-06 08:59:15] [INFO] Restored: C:\Users\labuser\AppData\Local\Temp\_CleanupBackup\2026-08-06_08-49-23\37db2707a480466b8b8d6d3bc1619ca9.exe
[2026-08-06 08:59:15] [INFO] Restored: C:\Users\labuser\AppData\Local\Temp\_CleanupBackup\2026-08-06_08-49-23\39152251ff0b4d65839f82e6d6684c53.ps1
[2026-08-06 08:59:15] [INFO] Restored: C:\Users\labuser\AppData\Local\Temp\_CleanupBackup\2026-08-06_08-49-23\3eb543ec52174275af958d1811b2eb13.log
[2026-08-06 08:59:15] [INFO] Restored: C:\Users\labuser\AppData\Local\Temp\_CleanupBackup\2026-08-06_08-49-23\3f88561f4e734de0b23f8aaa25ee21cb.txt
[2026-08-06 08:59:15] [INFO] Restored: C:\Users\labuser\AppData\Local\Temp\_CleanupBackup\2026-08-06_08-49-23\3fa188f1905e4fe6b74e31f7878d186d.exe
[2026-08-06 08:59:15] [INFO] Restored: C:\Users\labuser\AppData\Local\Temp\_CleanupBackup\2026-08-06_08-49-23\41a19c2bf52e4338b38b38878573a18d.zip
[2026-08-06 08:59:15] [INFO] Restored: C:\Users\labuser\AppData\Local\Temp\_CleanupBackup\2026-08-06_08-49-23\4265ad2ec2ef484b825ae4eac4c2bfe7.ps1
[2026-08-06 08:59:15] [INFO] Restored: C:\Users\labuser\AppData\Local\Temp\_CleanupBackup\2026-08-06_08-49-23\4661051dccfe4bc6b371d51a0db39004.csv
[2026-08-06 08:59:15] [INFO] Restored: C:\Users\labuser\AppData\Local\Temp\_CleanupBackup\2026-08-06_08-49-23\47846fa598184945a4cc3215d00af9e5.ps1
[2026-08-06 08:59:15] [INFO] Restored: C:\Users\labuser\AppData\Local\Temp\_CleanupBackup\2026-08-06_08-49-23\4a7c982c641e476f9b38ca20c6c988a3.ignore
[2026-08-06 08:59:15] [INFO] Restored: C:\Users\labuser\AppData\Local\Temp\_CleanupBackup\2026-08-06_08-49-23\4f28db8d7d3f4c5baf773147c7029bbe.ps1
[2026-08-06 08:59:15] [INFO] Restored: C:\Users\labuser\AppData\Local\Temp\_CleanupBackup\2026-08-06_08-49-23\4f5da08fd6134439a96d0a111f5c5bec.exe
[2026-08-06 08:59:15] [INFO] Restored: C:\Users\labuser\AppData\Local\Temp\_CleanupBackup\2026-08-06_08-49-23\4f82c6945adc4b5dbe14adcec76af924.log
[2026-08-06 08:59:15] [INFO] Restored: C:\Users\labuser\AppData\Local\Temp\_CleanupBackup\2026-08-06_08-49-23\4fd01defbee64d96aac551848cd6c9b0.ignore
[2026-08-06 08:59:15] [INFO] Restored: C:\Users\labuser\AppData\Local\Temp\_CleanupBackup\2026-08-06_08-49-23\54ff8e5afa904fca9fbb686276f81d11.ps1
[2026-08-06 08:59:15] [INFO] Restored: C:\Users\labuser\AppData\Local\Temp\_CleanupBackup\2026-08-06_08-49-23\5593c25fe05d41e88808e108d73fc1c7.dat
[2026-08-06 08:59:15] [INFO] Restored: C:\Users\labuser\AppData\Local\Temp\_CleanupBackup\2026-08-06_08-49-23\5902c57f869440c2a6c54c76809f0f79.exe
[2026-08-06 08:59:15] [INFO] Restored: C:\Users\labuser\AppData\Local\Temp\_CleanupBackup\2026-08-06_08-49-23\5a982541c35047df93c05b498a07161d.ps1
[2026-08-06 08:59:15] [INFO] Restored: C:\Users\labuser\AppData\Local\Temp\_CleanupBackup\2026-08-06_08-49-23\5cdd8882ddf442a0a0d2cc866861ce7f.ps1
[2026-08-06 08:59:15] [INFO] Restored: C:\Users\labuser\AppData\Local\Temp\_CleanupBackup\2026-08-06_08-49-23\5d7531f8eedf402d8e8cd6248bc3d571.log
[2026-08-06 08:59:15] [INFO] Restored: C:\Users\labuser\AppData\Local\Temp\_CleanupBackup\2026-08-06_08-49-23\601e7489442b49f6b29fdbc8a023cc5a.py
[2026-08-06 08:59:15] [INFO] Restored: C:\Users\labuser\AppData\Local\Temp\_CleanupBackup\2026-08-06_08-49-23\64958d1c91dc4a2b8513f2d6deaa2321.ps1
[2026-08-06 08:59:15] [INFO] Restored: C:\Users\labuser\AppData\Local\Temp\_CleanupBackup\2026-08-06_08-49-23\67dc09e999bd47f5a4c40c596b8c759e.ps1
[2026-08-06 08:59:15] [INFO] Restored: C:\Users\labuser\AppData\Local\Temp\_CleanupBackup\2026-08-06_08-49-23\684c40759d374d189a5e1da70a4cd087.manifest
[2026-08-06 08:59:15] [INFO] Restored: C:\Users\labuser\AppData\Local\Temp\_CleanupBackup\2026-08-06_08-49-23\6a3929b4fd3d4322923b6a3c93c4d08d.ps1
[2026-08-06 08:59:15] [INFO] Restored: C:\Users\labuser\AppData\Local\Temp\_CleanupBackup\2026-08-06_08-49-23\72501bddf91d4b0b9282900fc23500f7.exe
[2026-08-06 08:59:15] [INFO] Restored: C:\Users\labuser\AppData\Local\Temp\_CleanupBackup\2026-08-06_08-49-23\7250cbc1473742f8af379826910d8216.ignore
[2026-08-06 08:59:15] [INFO] Restored: C:\Users\labuser\AppData\Local\Temp\_CleanupBackup\2026-08-06_08-49-23\73a46418ae3f47a8831912e5ba833b45.txt
[2026-08-06 08:59:15] [INFO] Restored: C:\Users\labuser\AppData\Local\Temp\_CleanupBackup\2026-08-06_08-49-23\73e21fe0d6014e93a9a58b8210bc9bf8.ps1
[2026-08-06 08:59:15] [INFO] Restored: C:\Users\labuser\AppData\Local\Temp\_CleanupBackup\2026-08-06_08-49-23\74447187685443f594a3188e26552127.exe
[2026-08-06 08:59:15] [INFO] Restored: C:\Users\labuser\AppData\Local\Temp\_CleanupBackup\2026-08-06_08-49-23\7519bd65c04045ffbec2cf5886af447d.ps1
[2026-08-06 08:59:15] [INFO] Restored: C:\Users\labuser\AppData\Local\Temp\_CleanupBackup\2026-08-06_08-49-23\816bb132073142ff90b3b7b42a308bf5.ps1
[2026-08-06 08:59:15] [INFO] Restored: C:\Users\labuser\AppData\Local\Temp\_CleanupBackup\2026-08-06_08-49-23\8471aee9e15348158c8faf33ac07453a.ps1
[2026-08-06 08:59:15] [INFO] Restored: C:\Users\labuser\AppData\Local\Temp\_CleanupBackup\2026-08-06_08-49-23\86e10238244e4e3fb64cab4a6ba8013c.ps1
[2026-08-06 08:59:15] [INFO] Restored: C:\Users\labuser\AppData\Local\Temp\_CleanupBackup\2026-08-06_08-49-23\884d98f6d2ab48c0af532c21b605419c.ses
[2026-08-06 08:59:15] [INFO] Restored: C:\Users\labuser\AppData\Local\Temp\_CleanupBackup\2026-08-06_08-49-23\8acd5e1453e642368b2e2ee8bcfd2374.manifest
[2026-08-06 08:59:15] [INFO] Restored: C:\Users\labuser\AppData\Local\Temp\_CleanupBackup\2026-08-06_08-49-23\8f943e1530c54488bf9a520ba03aeba3.ps1
[2026-08-06 08:59:15] [INFO] Restored: C:\Users\labuser\AppData\Local\Temp\_CleanupBackup\2026-08-06_08-49-23\8fb4ac135bca46f5903a95c90320e840.ses
[2026-08-06 08:59:15] [INFO] Restored: C:\Users\labuser\AppData\Local\Temp\_CleanupBackup\2026-08-06_08-49-23\918caf4fcdeb40fca3e51263e1ed285d.exe
[2026-08-06 08:59:15] [INFO] Restored: C:\Users\labuser\AppData\Local\Temp\_CleanupBackup\2026-08-06_08-49-23\95bd7b6b8b9244e99f89eed7fe74870e.ps1
[2026-08-06 08:59:15] [INFO] Restored: C:\Users\labuser\AppData\Local\Temp\_CleanupBackup\2026-08-06_08-49-23\96c21236e1204991827b9a20a67c4ffc.exe
[2026-08-06 08:59:15] [INFO] Restored: C:\Users\labuser\AppData\Local\Temp\_CleanupBackup\2026-08-06_08-49-23\a11abcad6e1244a99bd30c39886eee89.dat
[2026-08-06 08:59:15] [INFO] Restored: C:\Users\labuser\AppData\Local\Temp\_CleanupBackup\2026-08-06_08-49-23\a227e5c16e7842f7961bd36621b89b37.exe
[2026-08-06 08:59:15] [INFO] Restored: C:\Users\labuser\AppData\Local\Temp\_CleanupBackup\2026-08-06_08-49-23\a433af57eb074421bc93657eec16c1ca.ses
[2026-08-06 08:59:15] [INFO] Restored: C:\Users\labuser\AppData\Local\Temp\_CleanupBackup\2026-08-06_08-49-23\a5addaebf1f24921a71106f6d819813d.ps1
[2026-08-06 08:59:15] [INFO] Restored: C:\Users\labuser\AppData\Local\Temp\_CleanupBackup\2026-08-06_08-49-23\a91eaa86bfdd462e8411dce9d4d3e8a0.ps1
[2026-08-06 08:59:15] [INFO] Restored: C:\Users\labuser\AppData\Local\Temp\_CleanupBackup\2026-08-06_08-49-23\aa92e75bd9bf429494e87853298ea818.ps1
[2026-08-06 08:59:15] [INFO] Restored: C:\Users\labuser\AppData\Local\Temp\_CleanupBackup\2026-08-06_08-49-23\ab2ee6618c774ea88b5ea08f36dfd16f.ps1
[2026-08-06 08:59:15] [INFO] Restored: C:\Users\labuser\AppData\Local\Temp\_CleanupBackup\2026-08-06_08-49-23\adc5cf6d71234b3f859e44948a482159.ps1
[2026-08-06 08:59:15] [INFO] Restored: C:\Users\labuser\AppData\Local\Temp\_CleanupBackup\2026-08-06_08-49-23\aefefe7887064635807705dc9d9f41d5.xml
[2026-08-06 08:59:15] [INFO] Restored: C:\Users\labuser\AppData\Local\Temp\_CleanupBackup\2026-08-06_08-49-23\b19a5b1a9f4e4182af5c651e65d9a7d1.log
[2026-08-06 08:59:15] [INFO] Restored: C:\Users\labuser\AppData\Local\Temp\_CleanupBackup\2026-08-06_08-49-23\b21195a0e5534487b967f76f04f3346d.ps1
[2026-08-06 08:59:15] [INFO] Restored: C:\Users\labuser\AppData\Local\Temp\_CleanupBackup\2026-08-06_08-49-23\b28049de830d491b842de54cf23cff40.ignore
[2026-08-06 08:59:15] [INFO] Restored: C:\Users\labuser\AppData\Local\Temp\_CleanupBackup\2026-08-06_08-49-23\b35191b612504fd19a7ccff30b9dcc32.txt
[2026-08-06 08:59:15] [INFO] Restored: C:\Users\labuser\AppData\Local\Temp\_CleanupBackup\2026-08-06_08-49-23\b3ed741ce652463682b667d4777e2f3e.exe
[2026-08-06 08:59:15] [INFO] Restored: C:\Users\labuser\AppData\Local\Temp\_CleanupBackup\2026-08-06_08-49-23\b411a207192a47abbd4e525c32801f68.ps1
[2026-08-06 08:59:15] [INFO] Restored: C:\Users\labuser\AppData\Local\Temp\_CleanupBackup\2026-08-06_08-49-23\b78b7e63785f4fc69e6f351830ac3f83.psm1
[2026-08-06 08:59:15] [INFO] Restored: C:\Users\labuser\AppData\Local\Temp\_CleanupBackup\2026-08-06_08-49-23\b90cffff73814605a527256d50fdc556.ps1
[2026-08-06 08:59:15] [INFO] Restored: C:\Users\labuser\AppData\Local\Temp\_CleanupBackup\2026-08-06_08-49-23\bbbde2d8d5084ab9840bfa2d19fc3a2e.ps1
[2026-08-06 08:59:15] [INFO] Restored: C:\Users\labuser\AppData\Local\Temp\_CleanupBackup\2026-08-06_08-49-23\bff29b0b48be472d8264c3e3e78cbff2.ignore
[2026-08-06 08:59:15] [INFO] Restored: C:\Users\labuser\AppData\Local\Temp\_CleanupBackup\2026-08-06_08-49-23\c21f526adcca46e0b9a82937f09a055d.zip
[2026-08-06 08:59:15] [INFO] Restored: C:\Users\labuser\AppData\Local\Temp\_CleanupBackup\2026-08-06_08-49-23\c6a93036f80a498596f32c30725dde06.ps1
[2026-08-06 08:59:15] [INFO] Restored: C:\Users\labuser\AppData\Local\Temp\_CleanupBackup\2026-08-06_08-49-23\c6f8a7a1bc7647d0aac7bc0501596d67.dll
[2026-08-06 08:59:15] [INFO] Restored: C:\Users\labuser\AppData\Local\Temp\_CleanupBackup\2026-08-06_08-49-23\c8e0a7d578f947089a51ca0c3eef0680.ignore
[2026-08-06 08:59:15] [INFO] Restored: C:\Users\labuser\AppData\Local\Temp\_CleanupBackup\2026-08-06_08-49-23\cfe4233558574c1fa0943937000133de.ps1
[2026-08-06 08:59:15] [INFO] Restored: C:\Users\labuser\AppData\Local\Temp\_CleanupBackup\2026-08-06_08-49-23\d03df5a361ed4d0dbe0960b2b911e9d3.exe
[2026-08-06 08:59:15] [INFO] Restored: C:\Users\labuser\AppData\Local\Temp\_CleanupBackup\2026-08-06_08-49-23\d1c9c8353062401da8990dd01bcad4fc.cmd
[2026-08-06 08:59:15] [INFO] Restored: C:\Users\labuser\AppData\Local\Temp\_CleanupBackup\2026-08-06_08-49-23\d75fa77f87f34f85b1167a126ad67be8.py
[2026-08-06 08:59:15] [INFO] Restored: C:\Users\labuser\AppData\Local\Temp\_CleanupBackup\2026-08-06_08-49-23\d8d2a7d7ebaa46d99228d52ba8b67c7f.ignore
[2026-08-06 08:59:15] [INFO] Restored: C:\Users\labuser\AppData\Local\Temp\_CleanupBackup\2026-08-06_08-49-23\d9c0928406774d59802ba1e457eae802.ps1
[2026-08-06 08:59:15] [INFO] Restored: C:\Users\labuser\AppData\Local\Temp\_CleanupBackup\2026-08-06_08-49-23\dada85f2b1494c7083920077f95e3c54.ps1
[2026-08-06 08:59:15] [INFO] Restored: C:\Users\labuser\AppData\Local\Temp\_CleanupBackup\2026-08-06_08-49-23\dddc797513a247bc97bac9b66f3ad46f.txt
[2026-08-06 08:59:15] [INFO] Restored: C:\Users\labuser\AppData\Local\Temp\_CleanupBackup\2026-08-06_08-49-23\ddf12854acae4ebbadc5fd1182eb81ce.ses
[2026-08-06 08:59:15] [INFO] Restored: C:\Users\labuser\AppData\Local\Temp\_CleanupBackup\2026-08-06_08-49-23\e05ae8ec311c4b7ba0ed591a002d04ab.ps1
[2026-08-06 08:59:15] [INFO] Restored: C:\Users\labuser\AppData\Local\Temp\_CleanupBackup\2026-08-06_08-49-23\e53f8410ba5241f5ab812dcf26d78e92.manifest
[2026-08-06 08:59:15] [INFO] Restored: C:\Users\labuser\AppData\Local\Temp\_CleanupBackup\2026-08-06_08-49-23\e69d1f89b2fa4caebfdfe6ee7d321693.exe
[2026-08-06 08:59:15] [INFO] Restored: C:\Users\labuser\AppData\Local\Temp\_CleanupBackup\2026-08-06_08-49-23\ef115ed282194f53b7dfd551f1bb03b8.ps1
[2026-08-06 08:59:15] [INFO] Restored: C:\Users\labuser\AppData\Local\Temp\_CleanupBackup\2026-08-06_08-49-23\f19f280de4094af1bdb6fd982a784fdf.log
[2026-08-06 08:59:15] [INFO] Restored: C:\Users\labuser\AppData\Local\Temp\_CleanupBackup\2026-08-06_08-49-23\f1ece7abb1f646f5a06421c42aa1a109.ps1
[2026-08-06 08:59:15] [INFO] Restored: C:\Users\labuser\AppData\Local\Temp\_CleanupBackup\2026-08-06_08-49-23\f618a70e6f3f4ab6b9c772e06f7ba940.psm1
[2026-08-06 08:59:15] [INFO] Restored: C:\Users\labuser\AppData\Local\Temp\_CleanupBackup\2026-08-06_08-49-23\f7208d7e3f464bf6bbe7f78a560757db.ignore
[2026-08-06 08:59:15] [INFO] Restored: C:\Users\labuser\AppData\Local\Temp\_CleanupBackup\2026-08-06_08-49-23\f73552857b64453b909ad0b5e7ff830e.ps1
[2026-08-06 08:59:15] [INFO] Restored: C:\Users\labuser\AppData\Local\Temp\_CleanupBackup\2026-08-06_08-49-23\f935846791924fe8af20d1b2f6566d87.ignore
[2026-08-06 08:59:15] [INFO] Restored: C:\Users\labuser\AppData\Local\Temp\_CleanupBackup\2026-08-06_08-49-23\fcd7de9af4234d30b099783a18157264.json
[2026-08-06 08:59:15] [INFO] Restored: C:\Users\labuser\AppData\Local\Temp\_CleanupBackup\2026-08-06_08-49-23\ff428f07a0c74fa99cba19e725846e19.ps1
[2026-08-06 08:59:15] [INFO] Restored: C:\Users\labuser\AppData\Local\Temp\_CleanupBackup\2026-08-06_08-49-23\manifest.csv
[2026-08-06 08:59:15] [INFO] Rollback complete. Restored: 112 | Skipped: 0 | Errors: 0
